Component: Arm Compiler for Embedded 6.24 Tool: armlink [5f371500]

==============================================================================

Section Cross References

    startup_stm32l073xx.o(STACK) refers (Special) to heapauxi.o(.text) for __use_two_region_memory
    startup_stm32l073xx.o(HEAP) refers (Special) to heapauxi.o(.text) for __use_two_region_memory
    startup_stm32l073xx.o(RESET) refers (Special) to heapauxi.o(.text) for __use_two_region_memory
    startup_stm32l073xx.o(RESET) refers to startup_stm32l073xx.o(STACK) for __initial_sp
    startup_stm32l073xx.o(RESET) refers to startup_stm32l073xx.o(.text) for Reset_Handler
    startup_stm32l073xx.o(RESET) refers to stm32l0xx_it.o(.text.NMI_Handler) for NMI_Handler
    startup_stm32l073xx.o(RESET) refers to stm32l0xx_it.o(.text.HardFault_Handler) for HardFault_Handler
    startup_stm32l073xx.o(RESET) refers to stm32l0xx_it.o(.text.SVC_Handler) for SVC_Handler
    startup_stm32l073xx.o(RESET) refers to stm32l0xx_it.o(.text.PendSV_Handler) for PendSV_Handler
    startup_stm32l073xx.o(RESET) refers to stm32l0xx_it.o(.text.SysTick_Handler) for SysTick_Handler
    startup_stm32l073xx.o(RESET) refers to stm32l0xx_it.o(.text.TIM6_DAC_IRQHandler) for TIM6_DAC_IRQHandler
    startup_stm32l073xx.o(RESET) refers to stm32l0xx_it.o(.text.USART2_IRQHandler) for USART2_IRQHandler
    startup_stm32l073xx.o(.text) refers (Special) to heapauxi.o(.text) for __use_two_region_memory
    startup_stm32l073xx.o(.text) refers to system_stm32l0xx.o(.text.SystemInit) for SystemInit
    startup_stm32l073xx.o(.text) refers to __main.o(!!!main) for __main
    startup_stm32l073xx.o(.text) refers to startup_stm32l073xx.o(HEAP) for Heap_Mem
    startup_stm32l073xx.o(.text) refers to startup_stm32l073xx.o(STACK) for Stack_Mem
    main.o(.ARM.exidx.text.MyErrorHandlerI2C) refers to main.o(.text.MyErrorHandlerI2C) for [Anonymous Symbol]
    main.o(.text.statechart_bH1750_Startup) refers to stm32l0xx_hal_i2c.o(.text.HAL_I2C_Master_Transmit) for HAL_I2C_Master_Transmit
    main.o(.text.statechart_bH1750_Startup) refers to main.o(.text.MyErrorHandlerI2C) for MyErrorHandlerI2C
    main.o(.text.statechart_bH1750_Startup) refers to main.o(.bss.hi2c1) for hi2c1
    main.o(.ARM.exidx.text.statechart_bH1750_Startup) refers to main.o(.text.statechart_bH1750_Startup) for [Anonymous Symbol]
    main.o(.text.statechart_bH1750_Read) refers to stm32l0xx_hal_i2c.o(.text.HAL_I2C_Master_Receive) for HAL_I2C_Master_Receive
    main.o(.text.statechart_bH1750_Read) refers to main.o(.text.MyErrorHandlerI2C) for MyErrorHandlerI2C
    main.o(.text.statechart_bH1750_Read) refers to fflti.o(.text) for __aeabi_i2f
    main.o(.text.statechart_bH1750_Read) refers to fdiv.o(.text) for __aeabi_fdiv
    main.o(.text.statechart_bH1750_Read) refers to main.o(.bss.hi2c1) for hi2c1
    main.o(.text.statechart_bH1750_Read) refers to main.o(.bss.lux) for lux
    main.o(.ARM.exidx.text.statechart_bH1750_Read) refers to main.o(.text.statechart_bH1750_Read) for [Anonymous Symbol]
    main.o(.text.statechart_processData) refers to fcmp.o(i._fleq) for __aeabi_fcmple
    main.o(.text.statechart_processData) refers to fcmp.o(i._fgeq) for __aeabi_fcmpge
    main.o(.text.statechart_processData) refers to ffixi.o(.text) for __aeabi_f2iz
    main.o(.text.statechart_processData) refers to fflti.o(.text) for __aeabi_i2f
    main.o(.text.statechart_processData) refers to fmul.o(x$fpl$fmul) for __aeabi_fmul
    main.o(.text.statechart_processData) refers to main.o(.bss.lux) for lux
    main.o(.text.statechart_processData) refers to main.o(.bss.min) for min
    main.o(.text.statechart_processData) refers to main.o(.bss.max) for max
    main.o(.text.statechart_processData) refers to main.o(.bss.avg) for avg
    main.o(.ARM.exidx.text.statechart_processData) refers to main.o(.text.statechart_processData) for [Anonymous Symbol]
    main.o(.text.statechart_transferToPC) refers to ffixi.o(.text) for __aeabi_f2iz
    main.o(.text.statechart_transferToPC) refers to sprintf.o(.text) for sprintf
    main.o(.text.statechart_transferToPC) refers to stm32l0xx_hal_uart.o(.text.HAL_UART_Transmit) for HAL_UART_Transmit
    main.o(.text.statechart_transferToPC) refers to main.o(.bss.avg) for avg
    main.o(.text.statechart_transferToPC) refers to main.o(.rodata.str1.1) for [Anonymous Symbol]
    main.o(.text.statechart_transferToPC) refers to main.o(.bss.huart2) for huart2
    main.o(.text.statechart_transferToPC) refers to main.o(.bss.min) for min
    main.o(.text.statechart_transferToPC) refers to main.o(.bss.max) for max
    main.o(.ARM.exidx.text.statechart_transferToPC) refers to main.o(.text.statechart_transferToPC) for [Anonymous Symbol]
    main.o(.text.statechart_displayData) refers to ssd1306.o(.text.ssd1306_SetCursor) for ssd1306_SetCursor
    main.o(.text.statechart_displayData) refers to ffixi.o(.text) for __aeabi_f2iz
[...]
    statechart_internal_set_cycle_no         0x08007057   Thumb Code    16  statechart.o(.text.statechart_internal_set_cycle_no)
    [Anonymous Symbol]                       0x08007056   Section        0  statechart.o(.text.statechart_internal_set_cycle_no)
    statechart_internal_set_sample_no        0x08007067   Thumb Code    16  statechart.o(.text.statechart_internal_set_sample_no)
    [Anonymous Symbol]                       0x08007066   Section        0  statechart.o(.text.statechart_internal_set_sample_no)
    [Anonymous Symbol]                       0x08007078   Section        0  main.o(.text.statechart_processData)
    __arm_cp.3_0                             0x08007170   Number         4  main.o(.text.statechart_processData)
    __arm_cp.3_1                             0x08007174   Number         4  main.o(.text.statechart_processData)
    __arm_cp.3_2                             0x08007178   Number         4  main.o(.text.statechart_processData)
    __arm_cp.3_3                             0x0800717c   Number         4  main.o(.text.statechart_processData)
    [Anonymous Symbol]                       0x08007180   Section        0  statechart.o(.text.statechart_raise_timerIntr)
    [Anonymous Symbol]                       0x0800719c   Section        0  main.o(.text.statechart_transferToPC)
    __arm_cp.4_0                             0x0800720c   Number         4  main.o(.text.statechart_transferToPC)
    __arm_cp.4_1                             0x08007210   Number         4  main.o(.text.statechart_transferToPC)
    __arm_cp.4_2                             0x08007214   Number         4  main.o(.text.statechart_transferToPC)
    __arm_cp.4_3                             0x08007218   Number         4  main.o(.text.statechart_transferToPC)
    __arm_cp.4_4                             0x0800721c   Number         4  main.o(.text.statechart_transferToPC)
    __arm_cp.4_5                             0x08007220   Number         4  main.o(.text.statechart_transferToPC)
    __arm_cp.4_6                             0x08007224   Number         4  main.o(.text.statechart_transferToPC)
    i.__ARM_common_ll_muluu                  0x08007228   Section        0  btod.o(i.__ARM_common_ll_muluu)
    i.__ARM_fpclassify                       0x08007258   Section        0  fpclassify.o(i.__ARM_fpclassify)
    i._fgeq                                  0x08007284   Section        0  fcmp.o(i._fgeq)
    i._fleq                                  0x0800729a   Section        0  fcmp.o(i._fleq)
    i._is_digit                              0x080072b4   Section        0  __printf_wp.o(i._is_digit)
    locale$$code                             0x080072c4   Section       44  lc_numeric_c.o(locale$$code)
    locale$$code                             0x080072f0   Section       44  lc_ctype_c.o(locale$$code)
    x$fpl$fgeqf                              0x0800731c   Section       84  fgef.o(x$fpl$fgeqf)
    x$fpl$fleqf                              0x08007370   Section       84  flef.o(x$fpl$fleqf)
    x$fpl$fmul                               0x080073c4   Section      176  fmul.o(x$fpl$fmul)
    x$fpl$printf1                            0x08007474   Section       16  printf1.o(x$fpl$printf1)
    x$fpl$printf2                            0x08007484   Section       16  printf2.o(x$fpl$printf2)
    fdiv_tab                                 0x08007494   Data          64  fdiv.o(.constdata)
    .constdata                               0x08007494   Section       64  fdiv.o(.constdata)
    x$fpl$usenofp                            0x08007494   Section        0  usenofp.o(x$fpl$usenofp)
    initial_mbstate                          0x080074d4   Data           8  _printf_wctomb.o(.constdata)
    .constdata                               0x080074d4   Section        8  _printf_wctomb.o(.constdata)
    uc_hextab                                0x080074dc   Data          20  _printf_hex_int_ll_ptr.o(.constdata)
    .constdata                               0x080074dc   Section       40  _printf_hex_int_ll_ptr.o(.constdata)
    lc_hextab                                0x080074f0   Data          20  _printf_hex_int_ll_ptr.o(.constdata)
    maptable                                 0x08007504   Data          17  __printf_flags_ss_wp.o(.constdata)
    .constdata                               0x08007504   Section       17  __printf_flags_ss_wp.o(.constdata)
    lc_hextab                                0x08007515   Data          19  _printf_fp_hex.o(.constdata)
    .constdata                               0x08007515   Section       38  _printf_fp_hex.o(.constdata)
    uc_hextab                                0x08007528   Data          19  _printf_fp_hex.o(.constdata)
    tenpwrs_x                                0x0800753c   Data          60  bigflt0.o(.constdata)
    .constdata                               0x0800753c   Section      148  bigflt0.o(.constdata)
    tenpwrs_i                                0x08007578   Data          64  bigflt0.o(.constdata)
    Font7x10                                 0x080075e8   Data        1900  ssd1306_fonts.o(.rodata.Font7x10)
    [Anonymous Symbol]                       0x080075e8   Section        0  ssd1306_fonts.o(.rodata.Font7x10)
    [Anonymous Symbol]                       0x08007d69   Section        0  main.o(.rodata.str1.1)
    locale$$data                             0x08007dec   Section       28  lc_numeric_c.o(locale$$data)
    __lcnum_c_name                           0x08007df0   Data           2  lc_numeric_c.o(locale$$data)
    __lcnum_c_start                          0x08007df8   Data           0  lc_numeric_c.o(locale$$data)
    __lcnum_c_point                          0x08007e04   Data           0  lc_numeric_c.o(locale$$data)
    __lcnum_c_thousands                      0x08007e06   Data           0  lc_numeric_c.o(locale$$data)
    __lcnum_c_grouping                       0x08007e07   Data           0  lc_numeric_c.o(locale$$data)
    __lcnum_c_end                            0x08007e08   Data           0  lc_numeric_c.o(locale$$data)
    locale$$data                             0x08007e08   Section      272  lc_ctype_c.o(locale$$data)
    __lcctype_c_name                         0x08007e0c   Data           2  lc_ctype_c.o(locale$$data)
    __lcctype_c_start                        0x08007e14   Data           0  lc_ctype_c.o(locale$$data)
    __lcctype_c_end                          0x08007f18   Data           0  lc_ctype_c.o(locale$$data)
    .bss                                     0x20000010   Section       96  libspace.o(.bss)
    SSD1306                                  0x20000070   Data           6  ssd1306.o(.bss.SSD1306)
    [Anonymous Symbol]                       0x20000070   Section        0  ssd1306.o(.bss.SSD1306)
    SSD1306_Buffer                           0x20000076   Data        1024  ssd1306.o(.bss.SSD1306_Buffer)
    [Anonymous Symbol]                       0x20000076   Section        0  ssd1306.o(.bss.SSD1306_Buffer)
    Heap_Mem                                 0x20000678   Data         512  startup_stm32l073xx.o(HEAP)
    HEAP                                     0x20000678   Section      512  startup_stm32l073xx.o(HEAP)
    Stack_Mem                                0x20000878   Data        1024  startup_stm32l073xx.o(STACK)
    STACK                                    0x20000878   Section     1024  startup_stm32l073xx.o(STACK)
    __initial_sp                             0x20000c78   Data           0  startup_stm32l073xx.o(STACK)

    Global Symbols

    Symbol Name                              Value     Ov Type        Size  Object(Section)

    BuildAttributes$$THM_ISAv3M$S$PE$A:L22$X:L11$S22$IEEE1$IW$~IW$USESV6$~STKCKD$USESV7$~SHL$OTIME$ROPI$IEEEX$EBA8$UX$STANDARDLIB$REQ8$PRES8$EABIv2 0x00000000   Number         0  anon$$obj.o ABSOLUTE
    _printf_flags                            0x00000000   Number         0  printf_stubs.o ABSOLUTE
    _printf_return_value                     0x00000000   Number         0  printf_stubs.o ABSOLUTE
    _printf_sizespec                         0x00000000   Number         0  printf_stubs.o ABSOLUTE
    _printf_widthprec                        0x00000000   Number         0  printf_stubs.o ABSOLUTE
    __ARM_exceptions_init                     - Undefined Weak Reference
    __alloca_initialize                       - Undefined Weak Reference
    __arm_preinit_                            - Undefined Weak Reference
    __arm_relocate_pie_                       - Undefined Weak Reference
    __cpp_initialize__aeabi_                  - Undefined Weak Reference
    __cxa_finalize                            - Undefined Weak Reference
    __sigvec_lookup                           - Undefined Weak Reference
    _atexit_init                              - Undefined Weak Reference
    _call_atexit_fns                          - Undefined Weak Reference
    _clock_init                               - Undefined Weak Reference
    _fp_trap_init                             - Undefined Weak Reference
    _fp_trap_shutdown                         - Undefined Weak Reference
    _get_lc_collate                           - Undefined Weak Reference
    _get_lc_monetary                          - Undefined Weak Reference
    _get_lc_time                              - Undefined Weak Reference
    _getenv_init                              - Undefined Weak Reference
    _handle_redirection                       - Undefined Weak Reference
    _init_alloc                               - Undefined Weak Reference
    _init_user_alloc                          - Undefined Weak Reference
    _initio                                   - Undefined Weak Reference
    _printf_mbtowc                            - Undefined Weak Reference
    _printf_wc                                - Undefined Weak Reference
    _rand_init                                - Undefined Weak Reference
    _signal_finish                            - Undefined Weak Reference
    _signal_init                              - Undefined Weak Reference
    _terminate_alloc                          - Undefined Weak Reference
    _terminate_user_alloc                     - Undefined Weak Reference
    _terminateio                              - Undefined Weak Reference
    __Vectors_Size                           0x000000c0   Number         0  startup_stm32l073xx.o ABSOLUTE
    __Vectors                                0x08000000   Data           4  startup_stm32l073xx.o(RESET)
    __Vectors_End                            0x080000c0   Data           0  startup_stm32l073xx.o(RESET)
    __main                                   0x080000c1   Thumb Code     8  __main.o(!!!main)
    __scatterload                            0x080000c9   Thumb Code     0  __scatter.o(!!!scatter)
    __scatterload_rt2                        0x080000c9   Thumb Code    74  __scatter.o(!!!scatter)
    __scatterload_rt2_thumb_only             0x080000c9   Thumb Code     0  __scatter.o(!!!scatter)
    __scatterload_loop                       0x080000d3   Thumb Code     0  __scatter.o(!!!scatter)
    __scatterload_copy                       0x0800011d   Thumb Code    26  __scatter_copy.o(!!handler_copy)
    __scatterload_null                       0x08000139   Thumb Code     2  __scatter.o(!!handler_null)
    __scatterload_zeroinit                   0x0800013d   Thumb Code    28  __scatter_zi.o(!!handler_zi)
    _printf_percent                          0x08000159   Thumb Code     0  _printf_percent.o(.ARM.Collect$$_printf_percent$$00000000)
    _printf_n                                0x0800015b   Thumb Code     0  _printf_n.o(.ARM.Collect$$_printf_percent$$00000001)
    _printf_p                                0x08000165   Thumb Code     0  _printf_p.o(.ARM.Collect$$_printf_percent$$00000002)
    _printf_f                                0x0800016f   Thumb Code     0  _printf_f.o(.ARM.Collect$$_printf_percent$$00000003)
    _printf_e                                0x08000179   Thumb Code     0  _printf_e.o(.ARM.Collect$$_printf_percent$$00000004)
    _printf_g                                0x08000183   Thumb Code     0  _printf_g.o(.ARM.Collect$$_printf_percent$$00000005)
    _printf_a                                0x0800018d   Thumb Code     0  _printf_a.o(.ARM.Collect$$_printf_percent$$00000006)
    _printf_ll                               0x08000197   Thumb Code     0  _printf_ll.o(.ARM.Collect$$_printf_percent$$00000007)
    _printf_i                                0x080001a1   Thumb Code     0  _printf_i.o(.ARM.Collect$$_printf_percent$$00000008)
    _printf_d                                0x080001ab   Thumb Code     0  _printf_d.o(.ARM.Collect$$_printf_percent$$00000009)
    _printf_u                                0x080001b5   Thumb Code     0  _printf_u.o(.ARM.Collect$$_printf_percent$$0000000A)
    _printf_o                                0x080001bf   Thumb Code     0  _printf_o.o(.ARM.Collect$$_printf_percent$$0000000B)
    _printf_x                                0x080001c9   Thumb Code     0  _printf_x.o(.ARM.Collect$$_printf_percent$$0000000C)
    _printf_lli                              0x080001d3   Thumb Code     0  _printf_lli.o(.ARM.Collect$$_printf_percent$$0000000D)
    _printf_lld                              0x080001dd   Thumb Code     0  _printf_lld.o(.ARM.Collect$$_printf_percent$$0000000E)
    _printf_llu                              0x080001e7   Thumb Code     0  _printf_llu.o(.ARM.Collect$$_printf_percent$$0000000F)
    _printf_llo                              0x080001f1   Thumb Code     0  _printf_llo.o(.ARM.Collect$$_printf_percent$$00000010)
    _printf_llx                              0x080001fb   Thumb Code     0  _printf_llx.o(.ARM.Collect$$_printf_percent$$00000011)
    _printf_l                                0x08000205   Thumb Code     0  _printf_l.o(.ARM.Collect$$_printf_percent$$00000012)
    _printf_c                                0x0800020f   Thumb Code     0  _printf_c.o(.ARM.Collect$$_printf_percent$$00000013)
    _printf_s                                0x08000219   Thumb Code     0  _printf_s.o(.ARM.Collect$$_printf_percent$$00000014)
    _printf_lc                               0x08000223   Thumb Code     0  _printf_lc.o(.ARM.Collect$$_printf_percent$$00000015)
    _printf_ls                               0x0800022d   Thumb Code     0  _printf_ls.o(.ARM.Collect$$_printf_percent$$00000016)
    _printf_percent_end                      0x08000237   Thumb Code     0  _printf_percent_end.o(.ARM.Collect$$_printf_percent$$00000017)
    __rt_lib_init                            0x0800023b   Thumb Code     0  libinit.o(.ARM.Collect$$libinit$$00000000)
    __rt_lib_init_fp_1                       0x0800023d   Thumb Code     0  libinit2.o(.ARM.Collect$$libinit$$00000002)
    __rt_lib_init_heap_1                     0x0800023d   Thumb Code     0  libinit2.o(.ARM.Collect$$libinit$$0000000C)
    __rt_lib_init_lc_common                  0x0800023d   Thumb Code     0  libinit2.o(.ARM.Collect$$libinit$$00000011)
    __rt_lib_init_preinit_1                  0x0800023d   Thumb Code     0  libinit2.o(.ARM.Collect$$libinit$$00000006)
    __rt_lib_init_rand_1                     0x0800023d   Thumb Code     0  libinit2.o(.ARM.Collect$$libinit$$00000010)
    __rt_lib_init_relocate_pie_1             0x0800023d   Thumb Code     0  libinit2.o(.ARM.Collect$$libinit$$00000004)
    __rt_lib_init_user_alloc_1               0x0800023d   Thumb Code     0  libinit2.o(.ARM.Collect$$libinit$$0000000E)
    __rt_lib_init_lc_collate_1               0x08000243   Thumb Code     0  libinit2.o(.ARM.Collect$$libinit$$00000013)
    __rt_lib_init_lc_ctype_2                 0x08000243   Thumb Code     0  libinit2.o(.ARM.Collect$$libinit$$00000014)
    __rt_lib_init_lc_ctype_1                 0x0800024f   Thumb Code     0  libinit2.o(.ARM.Collect$$libinit$$00000015)
    __rt_lib_init_lc_monetary_1              0x0800024f   Thumb Code     0  libinit2.o(.ARM.Collect$$libinit$$00000017)
    __rt_lib_init_lc_numeric_2               0x0800024f   Thumb Code     0  libinit2.o(.ARM.Collect$$libinit$$00000018)
    __rt_lib_init_alloca_1                   0x08000259   Thumb Code     0  libinit2.o(.ARM.Collect$$libinit$$00000030)
    __rt_lib_init_argv_1                     0x08000259   Thumb Code     0  libinit2.o(.ARM.Collect$$libinit$$0000002E)
    __rt_lib_init_atexit_1                   0x08000259   Thumb Code     0  libinit2.o(.ARM.Collect$$libinit$$0000001D)
    __rt_lib_init_clock_1                    0x08000259   Thumb Code     0  libinit2.o(.ARM.Collect$$libinit$$00000023)
    __rt_lib_init_cpp_1                      0x08000259   Thumb Code     0  libinit2.o(.ARM.Collect$$libinit$$00000034)
    __rt_lib_init_exceptions_1               0x08000259   Thumb Code     0  libinit2.o(.ARM.Collect$$libinit$$00000032)
    __rt_lib_init_fp_trap_1                  0x08000259   Thumb Code     0  libinit2.o(.ARM.Collect$$libinit$$00000021)
    __rt_lib_init_getenv_1                   0x08000259   Thumb Code     0  libinit2.o(.ARM.Collect$$libinit$$00000025)
    __rt_lib_init_lc_numeric_1               0x08000259   Thumb Code     0  libinit2.o(.ARM.Collect$$libinit$$00000019)
    __rt_lib_init_lc_time_1                  0x08000259   Thumb Code     0  libinit2.o(.ARM.Collect$$libinit$$0000001B)
    __rt_lib_init_return                     0x08000259   Thumb Code     0  libinit2.o(.ARM.Collect$$libinit$$00000035)
    __rt_lib_init_signal_1                   0x08000259   Thumb Code     0  libinit2.o(.ARM.Collect$$libinit$$0000001F)
    __rt_lib_init_stdio_1                    0x08000259   Thumb Code     0  libinit2.o(.ARM.Collect$$libinit$$00000027)
    __rt_lib_shutdown                        0x0800025b   Thumb Code     0  libshutdown.o(.ARM.Collect$$libshutdown$$00000000)
    __rt_lib_shutdown_cpp_1                  0x0800025d   Thumb Code     0  libshutdown2.o(.ARM.Collect$$libshutdown$$00000002)
    __rt_lib_shutdown_fp_trap_1              0x0800025d   Thumb Code     0  libshutdown2.o(.ARM.Collect$$libshutdown$$00000007)
    __rt_lib_shutdown_heap_1                 0x0800025d   Thumb Code     0  libshutdown2.o(.ARM.Collect$$libshutdown$$0000000F)
    __rt_lib_shutdown_return                 0x0800025d   Thumb Code     0  libshutdown2.o(.ARM.Collect$$libshutdown$$00000010)
    __rt_lib_shutdown_signal_1               0x0800025d   Thumb Code     0  libshutdown2.o(.ARM.Collect$$libshutdown$$0000000A)
    __rt_lib_shutdown_stdio_1                0x0800025d   Thumb Code     0  libshutdown2.o(.ARM.Collect$$libshutdown$$00000004)
    __rt_lib_shutdown_user_alloc_1           0x0800025d   Thumb Code     0  libshutdown2.o(.ARM.Collect$$libshutdown$$0000000C)
    __rt_entry                               0x0800025f   Thumb Code     0  __rtentry.o(.ARM.Collect$$rtentry$$00000000)
    __rt_entry_presh_1                       0x0800025f   Thumb Code     0  __rtentry2.o(.ARM.Collect$$rtentry$$00000002)
    __rt_entry_sh                            0x0800025f   Thumb Code     0  __rtentry4.o(.ARM.Collect$$rtentry$$00000004)
    __rt_entry_li                            0x08000265   Thumb Code     0  __rtentry2.o(.ARM.Collect$$rtentry$$0000000A)
    __rt_entry_postsh_1                      0x08000265   Thumb Code     0  __rtentry2.o(.ARM.Collect$$rtentry$$00000009)
    __rt_entry_main                          0x08000269   Thumb Code     0  __rtentry2.o(.ARM.Collect$$rtentry$$0000000D)
    __rt_entry_postli_1                      0x08000269   Thumb Code     0  __rtentry2.o(.ARM.Collect$$rtentry$$0000000C)
    __rt_exit                                0x08000271   Thumb Code     0  rtexit.o(.ARM.Collect$$rtexit$$00000000)
    __rt_exit_ls                             0x08000273   Thumb Code     0  rtexit2.o(.ARM.Collect$$rtexit$$00000003)
    __rt_exit_prels_1                        0x08000273   Thumb Code     0  rtexit2.o(.ARM.Collect$$rtexit$$00000002)
    __rt_exit_exit                           0x08000277   Thumb Code     0  rtexit2.o(.ARM.Collect$$rtexit$$00000004)
    Reset_Handler                            0x0800027d   Thumb Code     8  startup_stm32l073xx.o(.text)
    ADC1_COMP_IRQHandler                     0x0800028f   Thumb Code     0  startup_stm32l073xx.o(.text)
    DMA1_Channel1_IRQHandler                 0x0800028f   Thumb Code     0  startup_stm32l073xx.o(.text)
    DMA1_Channel2_3_IRQHandler               0x0800028f   Thumb Code     0  startup_stm32l073xx.o(.text)
    DMA1_Channel4_5_6_7_IRQHandler           0x0800028f   Thumb Code     0  startup_stm32l073xx.o(.text)
    EXTI0_1_IRQHandler                       0x0800028f   Thumb Code     0  startup_stm32l073xx.o(.text)
    EXTI2_3_IRQHandler                       0x0800028f   Thumb Code     0  startup_stm32l073xx.o(.text)
    EXTI4_15_IRQHandler                      0x0800028f   Thumb Code     0  startup_stm32l073xx.o(.text)
    FLASH_IRQHandler                         0x0800028f   Thumb Code     0  startup_stm32l073xx.o(.text)
    I2C1_IRQHandler                          0x0800028f   Thumb Code     0  startup_stm32l073xx.o(.text)
    I2C2_IRQHandler                          0x0800028f   Thumb Code     0  startup_stm32l073xx.o(.text)
    I2C3_IRQHandler                          0x0800028f   Thumb Code     0  startup_stm32l073xx.o(.text)
    LCD_IRQHandler                           0x0800028f   Thumb Code     0  startup_stm32l073xx.o(.text)
    LPTIM1_IRQHandler                        0x0800028f   Thumb Code     0  startup_stm32l073xx.o(.text)
    PVD_IRQHandler                           0x0800028f   Thumb Code     0  startup_stm32l073xx.o(.text)
    RCC_CRS_IRQHandler                       0x0800028f   Thumb Code     0  startup_stm32l073xx.o(.text)
    RNG_LPUART1_IRQHandler                   0x0800028f   Thumb Code     0  startup_stm32l073xx.o(.text)
    RTC_IRQHandler                           0x0800028f   Thumb Code     0  startup_stm32l073xx.o(.text)
    SPI1_IRQHandler                          0x0800028f   Thumb Code     0  startup_stm32l073xx.o(.text)
    SPI2_IRQHandler                          0x0800028f   Thumb Code     0  startup_stm32l073xx.o(.text)
    TIM21_IRQHandler                         0x0800028f   Thumb Code     0  startup_stm32l073xx.o(.text)
    TIM22_IRQHandler                         0x0800028f   Thumb Code     0  startup_stm32l073xx.o(.text)
    TIM2_IRQHandler                          0x0800028f   Thumb Code     0  startup_stm32l073xx.o(.text)
    TIM3_IRQHandler                          0x0800028f   Thumb Code     0  startup_stm32l073xx.o(.text)
    TIM7_IRQHandler                          0x0800028f   Thumb Code     0  startup_stm32l073xx.o(.text)
    TSC_IRQHandler                           0x0800028f   Thumb Code     0  startup_stm32l073xx.o(.text)
    USART1_IRQHandler                        0x0800028f   Thumb Code     0  startup_stm32l073xx.o(.text)
    USART4_5_IRQHandler                      0x0800028f   Thumb Code     0  startup_stm32l073xx.o(.text)
    USB_IRQHandler                           0x0800028f   Thumb Code     0  startup_stm32l073xx.o(.text)
    WWDG_IRQHandler                          0x0800028f   Thumb Code     0  startup_stm32l073xx.o(.text)
    __user_initial_stackheap                 0x08000291   Thumb Code     0  startup_stm32l073xx.o(.text)
    __aeabi_uldivmod                         0x080002b5   Thumb Code   272  lludiv.o(.text)
    _ll_udiv                                 0x080002b5   Thumb Code     0  lludiv.o(.text)
    sprintf                                  0x080003c5   Thumb Code    40  sprintf.o(.text)
    __aeabi_memset                           0x080003f1   Thumb Code    18  aeabi_memset.o(.text)
    _memset_w                                0x08000403   Thumb Code    26  rt_memclr.o(.text)
    _memset                                  0x0800041d   Thumb Code    30  rt_memclr.o(.text)
    __aeabi_memclr                           0x0800043b   Thumb Code     4  rt_memclr.o(.text)
    __rt_memclr                              0x0800043b   Thumb Code     0  rt_memclr.o(.text)
    __aeabi_memclr4                          0x0800043f   Thumb Code     0  rt_memclr.o(.text)
    __aeabi_memclr8                          0x0800043f   Thumb Code     0  rt_memclr.o(.text)
    __rt_memclr_w                            0x0800043f   Thumb Code     4  rt_memclr.o(.text)
    __aeabi_uidiv                            0x08000445   Thumb Code     0  aeabi_sdiv.o(.text)
    __aeabi_uidivmod                         0x08000445   Thumb Code    20  aeabi_sdiv.o(.text)
    __aeabi_idiv                             0x08000459   Thumb Code     0  aeabi_sdiv.o(.text)
    __aeabi_idivmod                          0x08000459   Thumb Code   338  aeabi_sdiv.o(.text)
    __use_two_region_memory                  0x080005b1   Thumb Code     2  heapauxi.o(.text)
    __rt_heap_escrow$2region                 0x080005b3   Thumb Code     2  heapauxi.o(.text)
    __rt_heap_expand$2region                 0x080005b5   Thumb Code     2  heapauxi.o(.text)
    __aeabi_fdiv                             0x080005b9   Thumb Code     0  fdiv.o(.text)
    __divsf3                                 0x080005b9   Thumb Code     0  fdiv.o(.text)
    _fdiv                                    0x080005b9   Thumb Code   334  fdiv.o(.text)
    _frdiv                                   0x08000707   Thumb Code     8  fdiv.o(.text)
    __aeabi_f2iz                             0x08000719   Thumb Code     0  ffixi.o(.text)
    _ffix                                    0x08000719   Thumb Code    76  ffixi.o(.text)
    __aeabi_i2f_normalise                    0x08000765   Thumb Code    72  fflti.o(.text)
    __aeabi_i2f                              0x080007ad   Thumb Code    16  fflti.o(.text)
    _fflt                                    0x080007ad   Thumb Code     0  fflti.o(.text)
    __aeabi_ui2f                             0x080007bd   Thumb Code     6  fflti.o(.text)
    _ffltu                                   0x080007bd   Thumb Code     0  fflti.o(.text)
    _printf_pre_padding                      0x080007c3   Thumb Code    44  _printf_pad.o(.text)
    _printf_post_padding                     0x080007ef   Thumb Code    34  _printf_pad.o(.text)
    _printf_truncate_signed                  0x08000811   Thumb Code    18  _printf_truncate.o(.text)
    _printf_truncate_unsigned                0x08000823   Thumb Code    18  _printf_truncate.o(.text)
    _printf_str                              0x08000835   Thumb Code    82  _printf_str.o(.text)
    _printf_int_dec                          0x08000889   Thumb Code    90  _printf_dec.o(.text)
    _printf_charcount                        0x080008f5   Thumb Code    38  _printf_charcount.o(.text)
    _printf_char_common                      0x08000927   Thumb Code    32  _printf_char_common.o(.text)
    _sputc                                   0x0800094d   Thumb Code    10  _sputc.o(.text)
    _printf_wctomb                           0x08000959   Thumb Code   182  _printf_wctomb.o(.text)
    _printf_longlong_dec                     0x08000a15   Thumb Code    94  _printf_longlong_dec.o(.text)
    _printf_longlong_oct                     0x08000a85   Thumb Code    68  _printf_oct_int_ll.o(.text)
    _printf_int_oct                          0x08000ac9   Thumb Code    24  _printf_oct_int_ll.o(.text)
    _printf_ll_oct                           0x08000ae1   Thumb Code    10  _printf_oct_int_ll.o(.text)
    _printf_longlong_hex                     0x08000af5   Thumb Code    88  _printf_hex_int_ll_ptr.o(.text)
    _printf_int_hex                          0x08000b4d   Thumb Code    28  _printf_hex_int_ll_ptr.o(.text)
    _printf_ll_hex                           0x08000b69   Thumb Code    10  _printf_hex_int_ll_ptr.o(.text)
    _printf_hex_ptr                          0x08000b73   Thumb Code    22  _printf_hex_int_ll_ptr.o(.text)
    __printf                                 0x08000b8d   Thumb Code   386  __printf_flags_ss_wp.o(.text)
    _ll_udiv10                               0x08000d15   Thumb Code   122  lludiv10.o(.text)
    _printf_int_common                       0x08000d8f   Thumb Code   176  _printf_intcommon.o(.text)
    _printf_fp_dec_real                      0x08000fdd   Thumb Code   620  _printf_fp_dec.o(.text)
    _printf_fp_hex_real                      0x08001255   Thumb Code   718  _printf_fp_hex.o(.text)
    _printf_cs_common                        0x0800152d   Thumb Code    22  _printf_char.o(.text)
    _printf_char                             0x08001543   Thumb Code    16  _printf_char.o(.text)
    _printf_string                           0x08001553   Thumb Code     8  _printf_char.o(.text)
    _printf_lcs_common                       0x0800155b   Thumb Code    22  _printf_wchar.o(.text)
    _printf_wchar                            0x08001571   Thumb Code    16  _printf_wchar.o(.text)
    _printf_wstring                          0x08001581   Thumb Code     8  _printf_wchar.o(.text)
    _c16rtomb                                0x08001589   Thumb Code    66  _c16rtomb.o(.text)
    _wcrtomb                                 0x08001589   Thumb Code     0  _c16rtomb.o(.text)
    __rt_udiv10                              0x080015cb   Thumb Code    40  rtudiv10.o(.text)
    __fpl_fcmp_InfNaN                        0x080015f5   Thumb Code    96  fcmpin.o(.text)
    __user_libspace                          0x08001659   Thumb Code     8  libspace.o(.text)
    __user_perproc_libspace                  0x08001659   Thumb Code     0  libspace.o(.text)
    __user_perthread_libspace                0x08001659   Thumb Code     0  libspace.o(.text)
    __user_setup_stackheap                   0x08001661   Thumb Code    62  sys_stackheap_outer.o(.text)
    __rt_ctype_table                         0x080016a1   Thumb Code    16  rt_ctype_table.o(.text)
    __rt_locale                              0x080016b1   Thumb Code     8  rt_locale_intlibspace.o(.text)
    _printf_fp_infnan                        0x080016b9   Thumb Code   120  _printf_fp_infnan.o(.text)
    _btod_etento                             0x08001741   Thumb Code   210  bigflt0.o(.text)
    _btod_d2e                                0x08001819   Thumb Code    64  btod.o(.text)
    _btod_emul                               0x08001c4d   Thumb Code    28  btod.o(.text)
    _btod_emuld                              0x08001c69   Thumb Code   144  btod.o(.text)
    _btod_ediv                               0x08001cf9   Thumb Code    26  btod.o(.text)
    _btod_edivd                              0x08001d13   Thumb Code   124  btod.o(.text)
    exit                                     0x08001d99   Thumb Code    16  exit.o(.text)
    __fpl_cmpreturn                          0x08001da9   Thumb Code    46  cmpret.o(.text)
    __fpl_fcheck_NaN2                        0x08001dd9   Thumb Code    10  fnan2.o(.text)
    strcmp                                   0x08001de9   Thumb Code   132  strcmp.o(.text)
    __fpl_return_NaN                         0x08001e71   Thumb Code    94  retnan.o(.text)
    _sys_exit                                0x08001ed1   Thumb Code     8  sys_exit.o(.text)
    __I$use$semihosting                      0x08001edd   Thumb Code     0  use_no_semi.o(.text)
    __use_no_semihosting_swi                 0x08001edd   Thumb Code     2  use_no_semi.o(.text)
    Error_Handler                            0x08001edf   Thumb Code    14  main.o(.text.Error_Handler)
    __semihosting_library_function           0x08001edf   Thumb Code     0  indicate_semi.o(.text)
    HAL_DMA_Abort                            0x08001eed   Thumb Code   122  stm32l0xx_hal_dma.o(.text.HAL_DMA_Abort)
    HAL_DMA_Abort_IT                         0x08001f67   Thumb Code   124  stm32l0xx_hal_dma.o(.text.HAL_DMA_Abort_IT)
    HAL_Delay                                0x08001fe5   Thumb Code    64  stm32l0xx_hal.o(.text.HAL_Delay)
    HAL_GPIO_Init                            0x08002029   Thumb Code   744  stm32l0xx_hal_gpio.o(.text.HAL_GPIO_Init)
    HAL_GPIO_WritePin                        0x0800233d   Thumb Code    44  stm32l0xx_hal_gpio.o(.text.HAL_GPIO_WritePin)
    HAL_GetTick                              0x08002369   Thumb Code     8  stm32l0xx_hal.o(.text.HAL_GetTick)
    HAL_I2CEx_ConfigAnalogFilter             0x08002375   Thumb Code   150  stm32l0xx_hal_i2c_ex.o(.text.HAL_I2CEx_ConfigAnalogFilter)
    HAL_I2CEx_ConfigDigitalFilter            0x0800240b   Thumb Code   160  stm32l0xx_hal_i2c_ex.o(.text.HAL_I2CEx_ConfigDigitalFilter)
    HAL_I2C_Init                             0x080024ad   Thumb Code   284  stm32l0xx_hal_i2c.o(.text.HAL_I2C_Init)
    HAL_I2C_Master_Receive                   0x080025cd   Thumb Code   504  stm32l0xx_hal_i2c.o(.text.HAL_I2C_Master_Receive)
    HAL_I2C_Master_Transmit                  0x080027c9   Thumb Code   564  stm32l0xx_hal_i2c.o(.text.HAL_I2C_Master_Transmit)
    HAL_I2C_MspInit                          0x08002a05   Thumb Code   100  stm32l0xx_hal_msp.o(.text.HAL_I2C_MspInit)
    HAL_IncTick                              0x08002a71   Thumb Code    16  stm32l0xx_hal.o(.text.HAL_IncTick)
    HAL_Init                                 0x08002a85   Thumb Code    52  stm32l0xx_hal.o(.text.HAL_Init)
    HAL_InitTick                             0x08002abd   Thumb Code   100  stm32l0xx_hal.o(.text.HAL_InitTick)
    HAL_MspInit                              0x08002b2d   Thumb Code    24  stm32l0xx_hal_msp.o(.text.HAL_MspInit)
    HAL_NVIC_EnableIRQ                       0x08002b4d   Thumb Code    22  stm32l0xx_hal_cortex.o(.text.HAL_NVIC_EnableIRQ)
    HAL_NVIC_SetPriority                     0x08002b63   Thumb Code    28  stm32l0xx_hal_cortex.o(.text.HAL_NVIC_SetPriority)
    HAL_RCCEx_PeriphCLKConfig                0x08002b81   Thumb Code   852  stm32l0xx_hal_rcc_ex.o(.text.HAL_RCCEx_PeriphCLKConfig)
    HAL_RCC_ClockConfig                      0x08002eed   Thumb Code   744  stm32l0xx_hal_rcc.o(.text.HAL_RCC_ClockConfig)
    HAL_RCC_GetHCLKFreq                      0x080031e5   Thumb Code     8  stm32l0xx_hal_rcc.o(.text.HAL_RCC_GetHCLKFreq)
    HAL_RCC_GetPCLK1Freq                     0x080031f1   Thumb Code    28  stm32l0xx_hal_rcc.o(.text.HAL_RCC_GetPCLK1Freq)
    HAL_RCC_GetPCLK2Freq                     0x0800320d   Thumb Code    28  stm32l0xx_hal_rcc.o(.text.HAL_RCC_GetPCLK2Freq)
    HAL_RCC_GetSysClockFreq                  0x0800322d   Thumb Code   260  stm32l0xx_hal_rcc.o(.text.HAL_RCC_GetSysClockFreq)
    HAL_RCC_OscConfig                        0x0800334d   Thumb Code  2124  stm32l0xx_hal_rcc.o(.text.HAL_RCC_OscConfig)
    HAL_SPI_Init                             0x08003bbd   Thumb Code   260  stm32l0xx_hal_spi.o(.text.HAL_SPI_Init)
    HAL_SPI_MspInit                          0x08003cc1   Thumb Code   132  stm32l0xx_hal_msp.o(.text.HAL_SPI_MspInit)
    HAL_SPI_Transmit                         0x08003d55   Thumb Code   712  stm32l0xx_hal_spi.o(.text.HAL_SPI_Transmit)
    HAL_SYSTICK_Config                       0x0800401d   Thumb Code    16  stm32l0xx_hal_cortex.o(.text.HAL_SYSTICK_Config)
    HAL_TIMEx_MasterConfigSynchronization    0x0800402d   Thumb Code   204  stm32l0xx_hal_tim_ex.o(.text.HAL_TIMEx_MasterConfigSynchronization)
    HAL_TIM_Base_Init                        0x080040f9   Thumb Code   128  stm32l0xx_hal_tim.o(.text.HAL_TIM_Base_Init)
    HAL_TIM_Base_MspInit                     0x08004179   Thumb Code    52  stm32l0xx_hal_msp.o(.text.HAL_TIM_Base_MspInit)
    HAL_TIM_Base_Start_IT                    0x080041b5   Thumb Code   160  stm32l0xx_hal_tim.o(.text.HAL_TIM_Base_Start_IT)
    HAL_TIM_IC_CaptureCallback               0x08004261   Thumb Code     8  stm32l0xx_hal_tim.o(.text.HAL_TIM_IC_CaptureCallback)
    HAL_TIM_IRQHandler                       0x08004269   Thumb Code   462  stm32l0xx_hal_tim.o(.text.HAL_TIM_IRQHandler)
    HAL_TIM_OC_DelayElapsedCallback          0x08004437   Thumb Code     8  stm32l0xx_hal_tim.o(.text.HAL_TIM_OC_DelayElapsedCallback)
    HAL_TIM_PWM_PulseFinishedCallback        0x0800443f   Thumb Code     8  stm32l0xx_hal_tim.o(.text.HAL_TIM_PWM_PulseFinishedCallback)
    HAL_TIM_PeriodElapsedCallback            0x08004449   Thumb Code    28  main.o(.text.HAL_TIM_PeriodElapsedCallback)
    HAL_TIM_TriggerCallback                  0x0800446d   Thumb Code     8  stm32l0xx_hal_tim.o(.text.HAL_TIM_TriggerCallback)
    HAL_UARTEx_RxEventCallback               0x08004475   Thumb Code    12  stm32l0xx_hal_uart.o(.text.HAL_UARTEx_RxEventCallback)
    HAL_UARTEx_WakeupCallback                0x08004481   Thumb Code     8  stm32l0xx_hal_uart_ex.o(.text.HAL_UARTEx_WakeupCallback)
    HAL_UART_ErrorCallback                   0x08004489   Thumb Code     8  stm32l0xx_hal_uart.o(.text.HAL_UART_ErrorCallback)
    HAL_UART_IRQHandler                      0x08004491   Thumb Code  1352  stm32l0xx_hal_uart.o(.text.HAL_UART_IRQHandler)
    HAL_UART_Init                            0x080049dd   Thumb Code   176  stm32l0xx_hal_uart.o(.text.HAL_UART_Init)
    HAL_UART_MspInit                         0x08004a8d   Thumb Code   120  stm32l0xx_hal_msp.o(.text.HAL_UART_MspInit)
    HAL_UART_Transmit                        0x08004b11   Thumb Code   352  stm32l0xx_hal_uart.o(.text.HAL_UART_Transmit)
    HAL_UART_TxCpltCallback                  0x08004c75   Thumb Code     8  stm32l0xx_hal_uart.o(.text.HAL_UART_TxCpltCallback)
    HardFault_Handler                        0x08004c7d   Thumb Code     4  stm32l0xx_it.o(.text.HardFault_Handler)
    MyErrorHandlerI2C                        0x080054a9   Thumb Code     2  main.o(.text.MyErrorHandlerI2C)
    NMI_Handler                              0x080054ab   Thumb Code     4  stm32l0xx_it.o(.text.NMI_Handler)
    PendSV_Handler                           0x080054af   Thumb Code     2  stm32l0xx_it.o(.text.PendSV_Handler)
    SVC_Handler                              0x080056a1   Thumb Code     2  stm32l0xx_it.o(.text.SVC_Handler)
    SysTick_Handler                          0x080056f5   Thumb Code     8  stm32l0xx_it.o(.text.SysTick_Handler)
    SystemClock_Config                       0x080056fd   Thumb Code   164  main.o(.text.SystemClock_Config)
    SystemInit                               0x080057a5   Thumb Code     2  system_stm32l0xx.o(.text.SystemInit)
    TIM6_DAC_IRQHandler                      0x080057a9   Thumb Code    12  stm32l0xx_it.o(.text.TIM6_DAC_IRQHandler)
    UART_AdvFeatureConfig                    0x08005889   Thumb Code   346  stm32l0xx_hal_uart.o(.text.UART_AdvFeatureConfig)
    UART_CheckIdleState                      0x080059e5   Thumb Code   344  stm32l0xx_hal_uart.o(.text.UART_CheckIdleState)
    UART_SetConfig                           0x08005c59   Thumb Code  1252  stm32l0xx_hal_uart.o(.text.UART_SetConfig)
    UART_WaitOnFlagUntilTimeout              0x0800615d   Thumb Code   264  stm32l0xx_hal_uart.o(.text.UART_WaitOnFlagUntilTimeout)
    USART2_IRQHandler                        0x08006265   Thumb Code    12  stm32l0xx_it.o(.text.USART2_IRQHandler)
    main                                     0x0800645d   Thumb Code   120  main.o(.text.main)
    ssd1306_DrawPixel                        0x08006779   Thumb Code   120  ssd1306.o(.text.ssd1306_DrawPixel)
    ssd1306_Fill                             0x080067f1   Thumb Code    44  ssd1306.o(.text.ssd1306_Fill)
    ssd1306_Init                             0x0800681d   Thumb Code   208  ssd1306.o(.text.ssd1306_Init)
    ssd1306_Reset                            0x080068ed   Thumb Code    60  ssd1306.o(.text.ssd1306_Reset)
    ssd1306_SetContrast                      0x08006929   Thumb Code    32  ssd1306.o(.text.ssd1306_SetContrast)
    ssd1306_SetCursor                        0x08006949   Thumb Code    28  ssd1306.o(.text.ssd1306_SetCursor)
    ssd1306_SetDisplayOn                     0x08006965   Thumb Code    60  ssd1306.o(.text.ssd1306_SetDisplayOn)
    ssd1306_UpdateScreen                     0x080069a1   Thumb Code    76  ssd1306.o(.text.ssd1306_UpdateScreen)
    ssd1306_WriteChar                        0x080069f1   Thumb Code   316  ssd1306.o(.text.ssd1306_WriteChar)
    ssd1306_WriteCommand                     0x08006b31   Thumb Code    68  ssd1306.o(.text.ssd1306_WriteCommand)
    ssd1306_WriteData                        0x08006b75   Thumb Code    68  ssd1306.o(.text.ssd1306_WriteData)
    ssd1306_WriteString                      0x08006bc1   Thumb Code   104  ssd1306.o(.text.ssd1306_WriteString)
    statechart_bH1750_Read                   0x08006c4d   Thumb Code    96  main.o(.text.statechart_bH1750_Read)
    statechart_bH1750_Startup                0x08006cb9   Thumb Code   144  main.o(.text.statechart_bH1750_Startup)
    statechart_displayData                   0x08006d99   Thumb Code   148  main.o(.text.statechart_displayData)
    statechart_enter                         0x08006e3d   Thumb Code   114  statechart.o(.text.statechart_enter)
    statechart_init                          0x08006fe9   Thumb Code    94  statechart.o(.text.statechart_init)
    statechart_processData                   0x08007079   Thumb Code   248  main.o(.text.statechart_processData)
    statechart_raise_timerIntr               0x08007181   Thumb Code    26  statechart.o(.text.statechart_raise_timerIntr)
    statechart_transferToPC                  0x0800719d   Thumb Code   112  main.o(.text.statechart_transferToPC)
    __ARM_common_ll_muluu                    0x08007229   Thumb Code    48  btod.o(i.__ARM_common_ll_muluu)
    __ARM_fpclassify                         0x08007259   Thumb Code    40  fpclassify.o(i.__ARM_fpclassify)
    __aeabi_fcmpge                           0x08007285   Thumb Code     0  fcmp.o(i._fgeq)
    _fgeq                                    0x08007285   Thumb Code    22  fcmp.o(i._fgeq)
    __aeabi_fcmple                           0x0800729b   Thumb Code     0  fcmp.o(i._fleq)
    _fleq                                    0x0800729b   Thumb Code    26  fcmp.o(i._fleq)
    _is_digit                                0x080072b5   Thumb Code    14  __printf_wp.o(i._is_digit)
    _get_lc_numeric                          0x080072c5   Thumb Code    44  lc_numeric_c.o(locale$$code)
    _get_lc_ctype                            0x080072f1   Thumb Code    44  lc_ctype_c.o(locale$$code)
    _fcmpge                                  0x0800731d   Thumb Code    78  fgef.o(x$fpl$fgeqf)
    __aeabi_cfcmple                          0x08007371   Thumb Code     0  flef.o(x$fpl$fleqf)
    _fcmple                                  0x08007371   Thumb Code    78  flef.o(x$fpl$fleqf)
    __aeabi_fmul                             0x080073c5   Thumb Code     0  fmul.o(x$fpl$fmul)
    _fmul                                    0x080073c5   Thumb Code   172  fmul.o(x$fpl$fmul)
    _printf_fp_dec                           0x08007475   Thumb Code    16  printf1.o(x$fpl$printf1)
    _printf_fp_hex                           0x08007485   Thumb Code    16  printf2.o(x$fpl$printf2)
    __I$use$fp                               0x08007494   Number         0  usenofp.o(x$fpl$usenofp)
    AHBPrescTable                            0x080075d0   Data          16  system_stm32l0xx.o(.rodata.AHBPrescTable)
    APBPrescTable                            0x080075e0   Data           8  system_stm32l0xx.o(.rodata.APBPrescTable)
    Font_7x10                                0x08007d54   Data          12  ssd1306_fonts.o(.rodata.Font_7x10)
    PLLMulTable                              0x08007d60   Data           9  system_stm32l0xx.o(.rodata.PLLMulTable)
    Region$$Table$$Base                      0x08007dcc   Number         0  anon$$obj.o(Region$$Table)
    Region$$Table$$Limit                     0x08007dec   Number         0  anon$$obj.o(Region$$Table)
    __ctype                                  0x08007e15   Data           0  lc_ctype_c.o(locale$$data)
    SystemCoreClock                          0x20000000   Data           4  system_stm32l0xx.o(.data.SystemCoreClock)
    uwTickFreq                               0x20000004   Data           1  stm32l0xx_hal.o(.data.uwTickFreq)
    uwTickPrio                               0x20000008   Data           4  stm32l0xx_hal.o(.data.uwTickPrio)
    __libspace_start                         0x20000010   Data          96  libspace.o(.bss)
    __temporary_stack_top$libspace           0x20000070   Data           0  libspace.o(.bss)
    avg                                      0x20000478   Data           4  main.o(.bss.avg)
    hi2c1                                    0x2000047c   Data          84  main.o(.bss.hi2c1)
    hspi2                                    0x200004d0   Data          88  main.o(.bss.hspi2)
    htim6                                    0x20000528   Data          64  main.o(.bss.htim6)
    huart2                                   0x20000568   Data         136  main.o(.bss.huart2)
    lux                                      0x200005f0   Data          64  main.o(.bss.lux)
    max                                      0x20000630   Data           4  main.o(.bss.max)
    min                                      0x20000634   Data           4  main.o(.bss.min)
    sc_handle                                0x20000638   Data          60  main.o(.bss.sc_handle)
    uwTick                                   0x20000674   Data           4  stm32l0xx_hal.o(.bss.uwTick)



==============================================================================

Memory Map of the image

  Image Entry point : 0x080000c1

  Load Region LR_IROM1 (Base: 0x08000000, Size: 0x00007f28, Max: 0x00030000, ABSOLUTE)

    Execution Region ER_IROM1 (Exec base: 0x08000000, Load base: 0x08000000, Size: 0x00007f18, Max: 0x00030000, ABSOLUTE)

    Exec Addr    Load Addr    Size         Type   Attr      Idx    E Section Name        Object

    0x08000000   0x08000000   0x000000c0   Data   RO            3    RESET               startup_stm32l073xx.o
    0x080000c0   0x080000c0   0x00000008   Code   RO         1528  * !!!main             c_p.l(__main.o)
    0x080000c8   0x080000c8   0x00000054   Code   RO         1958    !!!scatter          c_p.l(__scatter.o)
    0x0800011c   0x0800011c   0x0000001a   Code   RO         1962    !!handler_copy      c_p.l(__scatter_copy.o)
    0x08000136   0x08000136   0x00000002   PAD
    0x08000138   0x08000138   0x00000002   Code   RO         1959    !!handler_null      c_p.l(__scatter.o)
    0x0800013a   0x0800013a   0x00000002   PAD
    0x0800013c   0x0800013c   0x0000001c   Code   RO         1964    !!handler_zi        c_p.l(__scatter_zi.o)
    0x08000158   0x08000158   0x00000002   Code   RO         1663    .ARM.Collect$$_printf_percent$$00000000  c_p.l(_printf_percent.o)
    0x0800015a   0x0800015a   0x0000000a   Code   RO         1652    .ARM.Collect$$_printf_percent$$00000001  c_p.l(_printf_n.o)
    0x08000164   0x08000164   0x0000000a   Code   RO         1654    .ARM.Collect$$_printf_percent$$00000002  c_p.l(_printf_p.o)
    0x0800016e   0x0800016e   0x0000000a   Code   RO         1659    .ARM.Collect$$_printf_percent$$00000003  c_p.l(_printf_f.o)
    0x08000178   0x08000178   0x0000000a   Code   RO         1660    .ARM.Collect$$_printf_percent$$00000004  c_p.l(_printf_e.o)
    0x08000182   0x08000182   0x0000000a   Code   RO         1661    .ARM.Collect$$_printf_percent$$00000005  c_p.l(_printf_g.o)
    0x0800018c   0x0800018c   0x0000000a   Code   RO         1662    .ARM.Collect$$_printf_percent$$00000006  c_p.l(_printf_a.o)
    0x08000196   0x08000196   0x0000000a   Code   RO         1667    .ARM.Collect$$_printf_percent$$00000007  c_p.l(_printf_ll.o)
    0x080001a0   0x080001a0   0x0000000a   Code   RO         1656    .ARM.Collect$$_printf_percent$$00000008  c_p.l(_printf_i.o)
    0x080001aa   0x080001aa   0x0000000a   Code   RO         1657    .ARM.Collect$$_printf_percent$$00000009  c_p.l(_printf_d.o)
    0x080001b4   0x080001b4   0x0000000a   Code   RO         1658    .ARM.Collect$$_printf_percent$$0000000A  c_p.l(_printf_u.o)
    0x080001be   0x080001be   0x0000000a   Code   RO         1655    .ARM.Collect$$_printf_percent$$0000000B  c_p.l(_printf_o.o)
    0x080001c8   0x080001c8   0x0000000a   Code   RO         1653    .ARM.Collect$$_printf_percent$$0000000C  c_p.l(_printf_x.o)
    0x080001d2   0x080001d2   0x0000000a   Code   RO         1664    .ARM.Collect$$_printf_percent$$0000000D  c_p.l(_printf_lli.o)
    0x080001dc   0x080001dc   0x0000000a   Code   RO         1665    .ARM.Collect$$_printf_percent$$0000000E  c_p.l(_printf_lld.o)
    0x080001e6   0x080001e6   0x0000000a   Code   RO         1666    .ARM.Collect$$_printf_percent$$0000000F  c_p.l(_printf_llu.o)
    0x080001f0   0x080001f0   0x0000000a   Code   RO         1671    .ARM.Collect$$_printf_percent$$00000010  c_p.l(_printf_llo.o)
    0x080001fa   0x080001fa   0x0000000a   Code   RO         1672    .ARM.Collect$$_printf_percent$$00000011  c_p.l(_printf_llx.o)
    0x08000204   0x08000204   0x0000000a   Code   RO         1668    .ARM.Collect$$_printf_percent$$00000012  c_p.l(_printf_l.o)
    0x0800020e   0x0800020e   0x0000000a   Code   RO         1650    .ARM.Collect$$_printf_percent$$00000013  c_p.l(_printf_c.o)
    0x08000218   0x08000218   0x0000000a   Code   RO         1651    .ARM.Collect$$_printf_percent$$00000014  c_p.l(_printf_s.o)
    0x08000222   0x08000222   0x0000000a   Code   RO         1669    .ARM.Collect$$_printf_percent$$00000015  c_p.l(_printf_lc.o)
    0x0800022c   0x0800022c   0x0000000a   Code   RO         1670    .ARM.Collect$$_printf_percent$$00000016  c_p.l(_printf_ls.o)
    0x08000236   0x08000236   0x00000004   Code   RO         1756    .ARM.Collect$$_printf_percent$$00000017  c_p.l(_printf_percent_end.o)
    0x0800023a   0x0800023a   0x00000002   Code   RO         1804    .ARM.Collect$$libinit$$00000000  c_p.l(libinit.o)
    0x0800023c   0x0800023c   0x00000000   Code   RO         1830    .ARM.Collect$$libinit$$00000002  c_p.l(libinit2.o)
    0x0800023c   0x0800023c   0x00000000   Code   RO         1832    .ARM.Collect$$libinit$$00000004  c_p.l(libinit2.o)
    0x0800023c   0x0800023c   0x00000000   Code   RO         1834    .ARM.Collect$$libinit$$00000006  c_p.l(libinit2.o)
    0x0800023c   0x0800023c   0x00000000   Code   RO         1837    .ARM.Collect$$libinit$$0000000C  c_p.l(libinit2.o)
    0x0800023c   0x0800023c   0x00000000   Code   RO         1839    .ARM.Collect$$libinit$$0000000E  c_p.l(libinit2.o)
    0x0800023c   0x0800023c   0x00000000   Code   RO         1841    .ARM.Collect$$libinit$$00000010  c_p.l(libinit2.o)
    0x0800023c   0x0800023c   0x00000006   Code   RO         1842    .ARM.Collect$$libinit$$00000011  c_p.l(libinit2.o)
    0x08000242   0x08000242   0x00000000   Code   RO         1844    .ARM.Collect$$libinit$$00000013  c_p.l(libinit2.o)
    0x08000242   0x08000242   0x0000000c   Code   RO         1845    .ARM.Collect$$libinit$$00000014  c_p.l(libinit2.o)
    0x0800024e   0x0800024e   0x00000000   Code   RO         1846    .ARM.Collect$$libinit$$00000015  c_p.l(libinit2.o)
    0x0800024e   0x0800024e   0x00000000   Code   RO         1848    .ARM.Collect$$libinit$$00000017  c_p.l(libinit2.o)
    0x0800024e   0x0800024e   0x0000000a   Code   RO         1849    .ARM.Collect$$libinit$$00000018  c_p.l(libinit2.o)
    0x08000258   0x08000258   0x00000000   Code   RO         1850    .ARM.Collect$$libinit$$00000019  c_p.l(libinit2.o)
    0x08000258   0x08000258   0x00000000   Code   RO         1852    .ARM.Collect$$libinit$$0000001B  c_p.l(libinit2.o)
    0x08000258   0x08000258   0x00000000   Code   RO         1854    .ARM.Collect$$libinit$$0000001D  c_p.l(libinit2.o)
    0x08000258   0x08000258   0x00000000   Code   RO         1856    .ARM.Collect$$libinit$$0000001F  c_p.l(libinit2.o)
    0x08000258   0x08000258   0x00000000   Code   RO         1858    .ARM.Collect$$libinit$$00000021  c_p.l(libinit2.o)
    0x08000258   0x08000258   0x00000000   Code   RO         1860    .ARM.Collect$$libinit$$00000023  c_p.l(libinit2.o)
    0x08000258   0x08000258   0x00000000   Code   RO         1862    .ARM.Collect$$libinit$$00000025  c_p.l(libinit2.o)
    0x08000258   0x08000258   0x00000000   Code   RO         1864    .ARM.Collect$$libinit$$00000027  c_p.l(libinit2.o)
    0x08000258   0x08000258   0x00000000   Code   RO         1868    .ARM.Collect$$libinit$$0000002E  c_p.l(libinit2.o)
    0x08000258   0x08000258   0x00000000   Code   RO         1870    .ARM.Collect$$libinit$$00000030  c_p.l(libinit2.o)
    0x08000258   0x08000258   0x00000000   Code   RO         1872    .ARM.Collect$$libinit$$00000032  c_p.l(libinit2.o)
    0x08000258   0x08000258   0x00000000   Code   RO         1874    .ARM.Collect$$libinit$$00000034  c_p.l(libinit2.o)
    0x08000258   0x08000258   0x00000002   Code   RO         1875    .ARM.Collect$$libinit$$00000035  c_p.l(libinit2.o)
    0x0800025a   0x0800025a   0x00000002   Code   RO         1914    .ARM.Collect$$libshutdown$$00000000  c_p.l(libshutdown.o)
    0x0800025c   0x0800025c   0x00000000   Code   RO         1942    .ARM.Collect$$libshutdown$$00000002  c_p.l(libshutdown2.o)
    0x0800025c   0x0800025c   0x00000000   Code   RO         1944    .ARM.Collect$$libshutdown$$00000004  c_p.l(libshutdown2.o)
    0x0800025c   0x0800025c   0x00000000   Code   RO         1947    .ARM.Collect$$libshutdown$$00000007  c_p.l(libshutdown2.o)
    0x0800025c   0x0800025c   0x00000000   Code   RO         1950    .ARM.Collect$$libshutdown$$0000000A  c_p.l(libshutdown2.o)
    0x0800025c   0x0800025c   0x00000000   Code   RO         1952    .ARM.Collect$$libshutdown$$0000000C  c_p.l(libshutdown2.o)
    0x0800025c   0x0800025c   0x00000000   Code   RO         1955    .ARM.Collect$$libshutdown$$0000000F  c_p.l(libshutdown2.o)
    0x0800025c   0x0800025c   0x00000002   Code   RO         1956    .ARM.Collect$$libshutdown$$00000010  c_p.l(libshutdown2.o)
    0x0800025e   0x0800025e   0x00000000   Code   RO         1571    .ARM.Collect$$rtentry$$00000000  c_p.l(__rtentry.o)
    0x0800025e   0x0800025e   0x00000000   Code   RO         1718    .ARM.Collect$$rtentry$$00000002  c_p.l(__rtentry2.o)
    0x0800025e   0x0800025e   0x00000006   Code   RO         1730    .ARM.Collect$$rtentry$$00000004  c_p.l(__rtentry4.o)
    0x08000264   0x08000264   0x00000000   Code   RO         1720    .ARM.Collect$$rtentry$$00000009  c_p.l(__rtentry2.o)
    0x08000264   0x08000264   0x00000004   Code   RO         1721    .ARM.Collect$$rtentry$$0000000A  c_p.l(__rtentry2.o)
    0x08000268   0x08000268   0x00000000   Code   RO         1723    .ARM.Collect$$rtentry$$0000000C  c_p.l(__rtentry2.o)
    0x08000268   0x08000268   0x00000008   Code   RO         1724    .ARM.Collect$$rtentry$$0000000D  c_p.l(__rtentry2.o)
    0x08000270   0x08000270   0x00000002   Code   RO         1814    .ARM.Collect$$rtexit$$00000000  c_p.l(rtexit.o)
    0x08000272   0x08000272   0x00000000   Code   RO         1883    .ARM.Collect$$rtexit$$00000002  c_p.l(rtexit2.o)
    0x08000272   0x08000272   0x00000004   Code   RO         1884    .ARM.Collect$$rtexit$$00000003  c_p.l(rtexit2.o)
    0x08000276   0x08000276   0x00000006   Code   RO         1885    .ARM.Collect$$rtexit$$00000004  c_p.l(rtexit2.o)
    0x0800027c   0x0800027c   0x00000038   Code   RO            4    .text               startup_stm32l073xx.o
    0x080002b4   0x080002b4   0x00000110   Code   RO         1510    .text               c_p.l(lludiv.o)
    0x080003c4   0x080003c4   0x0000002c   Code   RO         1512    .text               c_p.l(sprintf.o)
    0x080003f0   0x080003f0   0x00000012   Code   RO         1518    .text               c_p.l(aeabi_memset.o)
    0x08000402   0x08000402   0x00000040   Code   RO         1520    .text               c_p.l(rt_memclr.o)
    0x08000442   0x08000442   0x00000002   PAD
    0x08000444   0x08000444   0x0000016c   Code   RO         1522    .text               c_p.l(aeabi_sdiv.o)
    0x080005b0   0x080005b0   0x00000006   Code   RO         1526    .text               c_p.l(heapauxi.o)
    0x080005b6   0x080005b6   0x00000002   PAD
    0x080005b8   0x080005b8   0x00000160   Code   RO         1554    .text               fz_ps.l(fdiv.o)
    0x08000718   0x08000718   0x0000004c   Code   RO         1557    .text               fz_ps.l(ffixi.o)
    0x08000764   0x08000764   0x0000005e   Code   RO         1559    .text               fz_ps.l(fflti.o)
    0x080007c2   0x080007c2   0x0000004e   Code   RO         1584    .text               c_p.l(_printf_pad.o)
    0x08000810   0x08000810   0x00000024   Code   RO         1586    .text               c_p.l(_printf_truncate.o)
    0x08000834   0x08000834   0x00000052   Code   RO         1588    .text               c_p.l(_printf_str.o)
    0x08000886   0x08000886   0x00000002   PAD
    0x08000888   0x08000888   0x0000006c   Code   RO         1590    .text               c_p.l(_printf_dec.o)
    0x080008f4   0x080008f4   0x00000026   Code   RO         1592    .text               c_p.l(_printf_charcount.o)
    0x0800091a   0x0800091a   0x00000002   PAD
    0x0800091c   0x0800091c   0x00000030   Code   RO         1594    .text               c_p.l(_printf_char_common.o)
    0x0800094c   0x0800094c   0x0000000a   Code   RO         1596    .text               c_p.l(_sputc.o)
    0x08000956   0x08000956   0x00000002   PAD
    0x08000958   0x08000958   0x000000bc   Code   RO         1598    .text               c_p.l(_printf_wctomb.o)
    0x08000a14   0x08000a14   0x00000070   Code   RO         1601    .text               c_p.l(_printf_longlong_dec.o)
    0x08000a84   0x08000a84   0x00000070   Code   RO         1607    .text               c_p.l(_printf_oct_int_ll.o)
    0x08000af4   0x08000af4   0x00000098   Code   RO         1627    .text               c_p.l(_printf_hex_int_ll_ptr.o)
    0x08000b8c   0x08000b8c   0x00000188   Code   RO         1647    .text               c_p.l(__printf_flags_ss_wp.o)
    0x08000d14   0x08000d14   0x0000007a   Code   RO         1739    .text               c_p.l(lludiv10.o)
    0x08000d8e   0x08000d8e   0x000000b0   Code   RO         1741    .text               c_p.l(_printf_intcommon.o)
    0x08000e3e   0x08000e3e   0x00000002   PAD
    0x08000e40   0x08000e40   0x00000414   Code   RO         1743    .text               c_p.l(_printf_fp_dec.o)
    0x08001254   0x08001254   0x000002d8   Code   RO         1747    .text               c_p.l(_printf_fp_hex.o)
    0x0800152c   0x0800152c   0x0000002e   Code   RO         1752    .text               c_p.l(_printf_char.o)
    0x0800155a   0x0800155a   0x0000002e   Code   RO         1754    .text               c_p.l(_printf_wchar.o)
    0x08001588   0x08001588   0x00000042   Code   RO         1757    .text               c_p.l(_c16rtomb.o)
    0x080015ca   0x080015ca   0x00000028   Code   RO         1759    .text               c_p.l(rtudiv10.o)
    0x080015f2   0x080015f2   0x00000002   PAD
    0x080015f4   0x080015f4   0x00000064   Code   RO         1761    .text               fz_ps.l(fcmpin.o)
    0x08001658   0x08001658   0x00000008   Code   RO         1765    .text               c_p.l(libspace.o)
    0x08001660   0x08001660   0x0000003e   Code   RO         1768    .text               c_p.l(sys_stackheap_outer.o)
    0x0800169e   0x0800169e   0x00000002   PAD
    0x080016a0   0x080016a0   0x00000010   Code   RO         1771    .text               c_p.l(rt_ctype_table.o)
    0x080016b0   0x080016b0   0x00000008   Code   RO         1776    .text               c_p.l(rt_locale_intlibspace.o)
    0x080016b8   0x080016b8   0x00000088   Code   RO         1778    .text               c_p.l(_printf_fp_infnan.o)
    0x08001740   0x08001740   0x000000d8   Code   RO         1780    .text               c_p.l(bigflt0.o)
    0x08001818   0x08001818   0x00000580   Code   RO         1783    .text               c_p.l(btod.o)
    0x08001d98   0x08001d98   0x00000010   Code   RO         1793    .text               c_p.l(exit.o)
    0x08001da8   0x08001da8   0x0000002e   Code   RO         1805    .text               fz_ps.l(cmpret.o)
    0x08001dd6   0x08001dd6   0x00000002   PAD
    0x08001dd8   0x08001dd8   0x00000010   Code   RO         1807    .text               fz_ps.l(fnan2.o)
    0x08001de8   0x08001de8   0x00000088   Code   RO         1827    .text               c_p.l(strcmp.o)
    0x08001e70   0x08001e70   0x0000005e   Code   RO         1876    .text               fz_ps.l(retnan.o)
    0x08001ece   0x08001ece   0x00000002   PAD
    0x08001ed0   0x08001ed0   0x0000000c   Code   RO         1878    .text               c_p.l(sys_exit.o)
    0x08001edc   0x08001edc   0x00000002   Code   RO         1903    .text               c_p.l(use_no_semi.o)
    0x08001ede   0x08001ede   0x00000000   Code   RO         1905    .text               c_p.l(indicate_semi.o)
    0x08001ede   0x08001ede   0x0000000e   Code   RO           39    .text.Error_Handler  main.o
    0x08001eec   0x08001eec   0x0000007a   Code   RO          595    .text.HAL_DMA_Abort  stm32l0xx_hal_dma.o
    0x08001f66   0x08001f66   0x0000007c   Code   RO          597    .text.HAL_DMA_Abort_IT  stm32l0xx_hal_dma.o
    0x08001fe2   0x08001fe2   0x00000002   PAD
    0x08001fe4   0x08001fe4   0x00000044   Code   RO          314    .text.HAL_Delay     stm32l0xx_hal.o
    0x08002028   0x08002028   0x00000314   Code   RO          562    .text.HAL_GPIO_Init  stm32l0xx_hal_gpio.o
    0x0800233c   0x0800233c   0x0000002c   Code   RO          568    .text.HAL_GPIO_WritePin  stm32l0xx_hal_gpio.o
    0x08002368   0x08002368   0x0000000c   Code   RO          306    .text.HAL_GetTick   stm32l0xx_hal.o
    0x08002374   0x08002374   0x00000096   Code   RO          275    .text.HAL_I2CEx_ConfigAnalogFilter  stm32l0xx_hal_i2c_ex.o
    0x0800240a   0x0800240a   0x000000a0   Code   RO          277    .text.HAL_I2CEx_ConfigDigitalFilter  stm32l0xx_hal_i2c_ex.o
    0x080024aa   0x080024aa   0x00000002   PAD
    0x080024ac   0x080024ac   0x00000120   Code   RO          106    .text.HAL_I2C_Init  stm32l0xx_hal_i2c.o
    0x080025cc   0x080025cc   0x000001fc   Code   RO          124    .text.HAL_I2C_Master_Receive  stm32l0xx_hal_i2c.o
    0x080027c8   0x080027c8   0x0000023c   Code   RO          114    .text.HAL_I2C_Master_Transmit  stm32l0xx_hal_i2c.o
    0x08002a04   0x08002a04   0x0000006c   Code   RO           83    .text.HAL_I2C_MspInit  stm32l0xx_hal_msp.o
    0x08002a70   0x08002a70   0x00000014   Code   RO          304    .text.HAL_IncTick   stm32l0xx_hal.o
    0x08002a84   0x08002a84   0x00000038   Code   RO          294    .text.HAL_Init      stm32l0xx_hal.o
    0x08002abc   0x08002abc   0x00000070   Code   RO          296    .text.HAL_InitTick  stm32l0xx_hal.o
    0x08002b2c   0x08002b2c   0x00000020   Code   RO           81    .text.HAL_MspInit   stm32l0xx_hal_msp.o
    0x08002b4c   0x08002b4c   0x00000016   Code   RO          684    .text.HAL_NVIC_EnableIRQ  stm32l0xx_hal_cortex.o
    0x08002b62   0x08002b62   0x0000001c   Code   RO          680    .text.HAL_NVIC_SetPriority  stm32l0xx_hal_cortex.o
    0x08002b7e   0x08002b7e   0x00000002   PAD
    0x08002b80   0x08002b80   0x0000036c   Code   RO          399    .text.HAL_RCCEx_PeriphCLKConfig  stm32l0xx_hal_rcc_ex.o
    0x08002eec   0x08002eec   0x000002f8   Code   RO          372    .text.HAL_RCC_ClockConfig  stm32l0xx_hal_rcc.o
    0x080031e4   0x080031e4   0x0000000c   Code   RO          378    .text.HAL_RCC_GetHCLKFreq  stm32l0xx_hal_rcc.o
    0x080031f0   0x080031f0   0x0000001c   Code   RO          380    .text.HAL_RCC_GetPCLK1Freq  stm32l0xx_hal_rcc.o
    0x0800320c   0x0800320c   0x00000020   Code   RO          382    .text.HAL_RCC_GetPCLK2Freq  stm32l0xx_hal_rcc.o
    0x0800322c   0x0800322c   0x00000120   Code   RO          370    .text.HAL_RCC_GetSysClockFreq  stm32l0xx_hal_rcc.o
    0x0800334c   0x0800334c   0x00000870   Code   RO          368    .text.HAL_RCC_OscConfig  stm32l0xx_hal_rcc.o
    0x08003bbc   0x08003bbc   0x00000104   Code   RO          764    .text.HAL_SPI_Init  stm32l0xx_hal_spi.o
    0x08003cc0   0x08003cc0   0x00000094   Code   RO           87    .text.HAL_SPI_MspInit  stm32l0xx_hal_msp.o
    0x08003d54   0x08003d54   0x000002c8   Code   RO          772    .text.HAL_SPI_Transmit  stm32l0xx_hal_spi.o
    0x0800401c   0x0800401c   0x00000010   Code   RO          696    .text.HAL_SYSTICK_Config  stm32l0xx_hal_cortex.o
    0x0800402c   0x0800402c   0x000000cc   Code   RO         1126    .text.HAL_TIMEx_MasterConfigSynchronization  stm32l0xx_hal_tim_ex.o
    0x080040f8   0x080040f8   0x00000080   Code   RO          881    .text.HAL_TIM_Base_Init  stm32l0xx_hal_tim.o
    0x08004178   0x08004178   0x0000003c   Code   RO           91    .text.HAL_TIM_Base_MspInit  stm32l0xx_hal_msp.o
    0x080041b4   0x080041b4   0x000000ac   Code   RO          895    .text.HAL_TIM_Base_Start_IT  stm32l0xx_hal_tim.o
    0x08004260   0x08004260   0x00000008   Code   RO         1017    .text.HAL_TIM_IC_CaptureCallback  stm32l0xx_hal_tim.o
    0x08004268   0x08004268   0x000001ce   Code   RO         1015    .text.HAL_TIM_IRQHandler  stm32l0xx_hal_tim.o
    0x08004436   0x08004436   0x00000008   Code   RO         1019    .text.HAL_TIM_OC_DelayElapsedCallback  stm32l0xx_hal_tim.o
    0x0800443e   0x0800443e   0x00000008   Code   RO         1021    .text.HAL_TIM_PWM_PulseFinishedCallback  stm32l0xx_hal_tim.o
    0x08004446   0x08004446   0x00000002   PAD
    0x08004448   0x08004448   0x00000024   Code   RO           23    .text.HAL_TIM_PeriodElapsedCallback  main.o
    0x0800446c   0x0800446c   0x00000008   Code   RO         1025    .text.HAL_TIM_TriggerCallback  stm32l0xx_hal_tim.o
    0x08004474   0x08004474   0x0000000c   Code   RO         1227    .text.HAL_UARTEx_RxEventCallback  stm32l0xx_hal_uart.o
    0x08004480   0x08004480   0x00000008   Code   RO         1278    .text.HAL_UARTEx_WakeupCallback  stm32l0xx_hal_uart_ex.o
    0x08004488   0x08004488   0x00000008   Code   RO         1225    .text.HAL_UART_ErrorCallback  stm32l0xx_hal_uart.o
    0x08004490   0x08004490   0x0000054c   Code   RO         1221    .text.HAL_UART_IRQHandler  stm32l0xx_hal_uart.o
    0x080049dc   0x080049dc   0x000000b0   Code   RO         1137    .text.HAL_UART_Init  stm32l0xx_hal_uart.o
    0x08004a8c   0x08004a8c   0x00000084   Code   RO           95    .text.HAL_UART_MspInit  stm32l0xx_hal_msp.o
    0x08004b10   0x08004b10   0x00000164   Code   RO         1157    .text.HAL_UART_Transmit  stm32l0xx_hal_uart.o
    0x08004c74   0x08004c74   0x00000008   Code   RO         1231    .text.HAL_UART_TxCpltCallback  stm32l0xx_hal_uart.o
    0x08004c7c   0x08004c7c   0x00000004   Code   RO           62    .text.HardFault_Handler  stm32l0xx_it.o
    0x08004c80   0x08004c80   0x00000040   Code   RO          130    .text.I2C_Flush_TXDR  stm32l0xx_hal_i2c.o
    0x08004cc0   0x08004cc0   0x000001f4   Code   RO          266    .text.I2C_IsErrorOccurred  stm32l0xx_hal_i2c.o
    0x08004eb4   0x08004eb4   0x00000054   Code   RO          118    .text.I2C_TransferConfig  stm32l0xx_hal_i2c.o
    0x08004f08   0x08004f08   0x000000c2   Code   RO          116    .text.I2C_WaitOnFlagUntilTimeout  stm32l0xx_hal_i2c.o
    0x08004fca   0x08004fca   0x00000002   PAD
    0x08004fcc   0x08004fcc   0x00000160   Code   RO          126    .text.I2C_WaitOnRXNEFlagUntilTimeout  stm32l0xx_hal_i2c.o
    0x0800512c   0x0800512c   0x000000a0   Code   RO          122    .text.I2C_WaitOnSTOPFlagUntilTimeout  stm32l0xx_hal_i2c.o
    0x080051cc   0x080051cc   0x000000ac   Code   RO          120    .text.I2C_WaitOnTXISFlagUntilTimeout  stm32l0xx_hal_i2c.o
    0x08005278   0x08005278   0x000000e0   Code   RO           29    .text.MX_GPIO_Init  main.o
    0x08005358   0x08005358   0x0000006c   Code   RO           33    .text.MX_I2C1_Init  main.o
    0x080053c4   0x080053c4   0x0000004c   Code   RO           35    .text.MX_SPI2_Init  main.o
    0x08005410   0x08005410   0x00000054   Code   RO           37    .text.MX_TIM6_Init  main.o
    0x08005464   0x08005464   0x00000044   Code   RO           31    .text.MX_USART2_UART_Init  main.o
    0x080054a8   0x080054a8   0x00000002   Code   RO           11    .text.MyErrorHandlerI2C  main.o
    0x080054aa   0x080054aa   0x00000004   Code   RO           60    .text.NMI_Handler   stm32l0xx_it.o
    0x080054ae   0x080054ae   0x00000002   Code   RO           66    .text.PendSV_Handler  stm32l0xx_it.o
    0x080054b0   0x080054b0   0x000000c0   Code   RO          774    .text.SPI_EndRxTxTransaction  stm32l0xx_hal_spi.o
    0x08005570   0x08005570   0x00000130   Code   RO          872    .text.SPI_WaitFlagStateUntilTimeout  stm32l0xx_hal_spi.o
    0x080056a0   0x080056a0   0x00000002   Code   RO           64    .text.SVC_Handler   stm32l0xx_it.o
    0x080056a2   0x080056a2   0x00000002   PAD
    0x080056a4   0x080056a4   0x00000050   Code   RO          698    .text.SysTick_Config  stm32l0xx_hal_cortex.o
    0x080056f4   0x080056f4   0x00000008   Code   RO           68    .text.SysTick_Handler  stm32l0xx_it.o
    0x080056fc   0x080056fc   0x000000a8   Code   RO           27    .text.SystemClock_Config  main.o
    0x080057a4   0x080057a4   0x00000002   Code   RO         1309    .text.SystemInit    system_stm32l0xx.o
    0x080057a6   0x080057a6   0x00000002   PAD
    0x080057a8   0x080057a8   0x00000010   Code   RO           70    .text.TIM6_DAC_IRQHandler  stm32l0xx_it.o
    0x080057b8   0x080057b8   0x000000d0   Code   RO          885    .text.TIM_Base_SetConfig  stm32l0xx_hal_tim.o
    0x08005888   0x08005888   0x0000015a   Code   RO         1141    .text.UART_AdvFeatureConfig  stm32l0xx_hal_uart.o
    0x080059e2   0x080059e2   0x00000002   PAD
    0x080059e4   0x080059e4   0x0000015c   Code   RO         1145    .text.UART_CheckIdleState  stm32l0xx_hal_uart.o
    0x08005b40   0x08005b40   0x0000001e   Code   RO         1223    .text.UART_DMAAbortOnError  stm32l0xx_hal_uart.o
    0x08005b5e   0x08005b5e   0x000000b0   Code   RO         1193    .text.UART_EndRxTransfer  stm32l0xx_hal_uart.o
    0x08005c0e   0x08005c0e   0x0000004a   Code   RO         1229    .text.UART_EndTransmit_IT  stm32l0xx_hal_uart.o
    0x08005c58   0x08005c58   0x00000504   Code   RO         1143    .text.UART_SetConfig  stm32l0xx_hal_uart.o
    0x0800615c   0x0800615c   0x00000108   Code   RO         1159    .text.UART_WaitOnFlagUntilTimeout  stm32l0xx_hal_uart.o
    0x08006264   0x08006264   0x00000010   Code   RO           72    .text.USART2_IRQHandler  stm32l0xx_it.o
    0x08006274   0x08006274   0x0000002c   Code   RO          686    .text.__NVIC_EnableIRQ  stm32l0xx_hal_cortex.o
    0x080062a0   0x080062a0   0x00000084   Code   RO          682    .text.__NVIC_SetPriority  stm32l0xx_hal_cortex.o
    0x08006324   0x08006324   0x0000000e   Code   RO         1406    .text.clear_in_events  statechart.o
    0x08006332   0x08006332   0x00000016   Code   RO         1470    .text.enact_main_region_DisplayData  statechart.o
    0x08006348   0x08006348   0x0000001c   Code   RO         1464    .text.enact_main_region_ProcessData  statechart.o
    0x08006364   0x08006364   0x0000001a   Code   RO         1454    .text.enact_main_region_ReadBH1750  statechart.o
    0x0800637e   0x0800637e   0x00000016   Code   RO         1490    .text.enact_main_region_Startup  statechart.o
    0x08006394   0x08006394   0x00000016   Code   RO         1468    .text.enseq_main_region_DisplayData_default  statechart.o
    0x080063aa   0x080063aa   0x00000016   Code   RO         1460    .text.enseq_main_region_ProcessData_default  statechart.o
    0x080063c0   0x080063c0   0x00000016   Code   RO         1452    .text.enseq_main_region_ReadBH1750_default  statechart.o
    0x080063d6   0x080063d6   0x00000016   Code   RO         1488    .text.enseq_main_region_Startup_default  statechart.o
    0x080063ec   0x080063ec   0x0000000e   Code   RO         1462    .text.enseq_main_region_Wait_default  statechart.o
    0x080063fa   0x080063fa   0x00000010   Code   RO         1418    .text.enseq_main_region_default  statechart.o
    0x0800640a   0x0800640a   0x00000012   Code   RO         1472    .text.exact_main_region_DisplayData  statechart.o
    0x0800641c   0x0800641c   0x0000001c   Code   RO         1466    .text.exact_main_region_ProcessData  statechart.o
    0x08006438   0x08006438   0x00000014   Code   RO         1456    .text.exact_main_region_ReadBH1750  statechart.o
    0x0800644c   0x0800644c   0x0000000e   Code   RO         1450    .text.exseq_main_region_Wait  statechart.o
    0x0800645a   0x0800645a   0x00000002   PAD
    0x0800645c   0x0800645c   0x00000088   Code   RO           25    .text.main          main.o
    0x080064e4   0x080064e4   0x00000038   Code   RO         1448    .text.main_region_DisplayData_react  statechart.o
    0x0800651c   0x0800651c   0x0000004c   Code   RO         1444    .text.main_region_ProcessData_react  statechart.o
    0x08006568   0x08006568   0x0000005e   Code   RO         1442    .text.main_region_ReadBH1750_react  statechart.o
    0x080065c6   0x080065c6   0x00000030   Code   RO         1446    .text.main_region_Startup_react  statechart.o
    0x080065f6   0x080065f6   0x00000058   Code   RO         1440    .text.main_region_Wait_react  statechart.o
    0x0800664e   0x0800664e   0x00000002   PAD
    0x08006650   0x08006650   0x00000072   Code   RO         1420    .text.micro_step    statechart.o
    0x080066c2   0x080066c2   0x00000024   Code   RO         1458    .text.react_main_region__choice_1  statechart.o
    0x080066e6   0x080066e6   0x00000010   Code   RO         1486    .text.react_main_region__entry_Default  statechart.o
    0x080066f6   0x080066f6   0x00000082   Code   RO         1428    .text.run_cycle     statechart.o
    0x08006778   0x08006778   0x00000078   Code   RO         1342    .text.ssd1306_DrawPixel  ssd1306.o
    0x080067f0   0x080067f0   0x0000002c   Code   RO         1338    .text.ssd1306_Fill  ssd1306.o
    0x0800681c   0x0800681c   0x000000d0   Code   RO         1332    .text.ssd1306_Init  ssd1306.o
    0x080068ec   0x080068ec   0x0000003c   Code   RO         1324    .text.ssd1306_Reset  ssd1306.o
    0x08006928   0x08006928   0x00000020   Code   RO         1336    .text.ssd1306_SetContrast  ssd1306.o
    0x08006948   0x08006948   0x0000001c   Code   RO         1348    .text.ssd1306_SetCursor  ssd1306.o
    0x08006964   0x08006964   0x0000003c   Code   RO         1334    .text.ssd1306_SetDisplayOn  ssd1306.o
    0x080069a0   0x080069a0   0x00000050   Code   RO         1340    .text.ssd1306_UpdateScreen  ssd1306.o
    0x080069f0   0x080069f0   0x00000140   Code   RO         1344    .text.ssd1306_WriteChar  ssd1306.o
    0x08006b30   0x08006b30   0x00000044   Code   RO         1326    .text.ssd1306_WriteCommand  ssd1306.o
    0x08006b74   0x08006b74   0x0000004c   Code   RO         1328    .text.ssd1306_WriteData  ssd1306.o
    0x08006bc0   0x08006bc0   0x00000068   Code   RO         1346    .text.ssd1306_WriteString  ssd1306.o
    0x08006c28   0x08006c28   0x00000024   Code   RO         1438    .text.statechart_add_event_to_queue  statechart.o
    0x08006c4c   0x08006c4c   0x0000006c   Code   RO           15    .text.statechart_bH1750_Read  main.o
    0x08006cb8   0x08006cb8   0x00000094   Code   RO           13    .text.statechart_bH1750_Startup  main.o
    0x08006d4c   0x08006d4c   0x0000002c   Code   RO         1478    .text.statechart_dispatch_event  statechart.o
    0x08006d78   0x08006d78   0x00000020   Code   RO         1474    .text.statechart_dispatch_next_event  statechart.o
    0x08006d98   0x08006d98   0x000000a4   Code   RO           21    .text.statechart_displayData  main.o
    0x08006e3c   0x08006e3c   0x00000072   Code   RO         1416    .text.statechart_enter  statechart.o
    0x08006eae   0x08006eae   0x00000012   Code   RO         1480    .text.statechart_event_init  statechart.o
    0x08006ec0   0x08006ec0   0x00000026   Code   RO         1414    .text.statechart_eventqueue_init  statechart.o
    0x08006ee6   0x08006ee6   0x00000058   Code   RO         1484    .text.statechart_eventqueue_pop  statechart.o
    0x08006f3e   0x08006f3e   0x00000068   Code   RO         1500    .text.statechart_eventqueue_push  statechart.o
    0x08006fa6   0x08006fa6   0x0000000c   Code   RO         1482    .text.statechart_eventqueue_size  statechart.o
    0x08006fb2   0x08006fb2   0x00000036   Code   RO         1476    .text.statechart_get_next_event  statechart.o
    0x08006fe8   0x08006fe8   0x0000005e   Code   RO         1404    .text.statechart_init  statechart.o
    0x08007046   0x08007046   0x00000010   Code   RO         1408    .text.statechart_internal_set_channel_no  statechart.o
    0x08007056   0x08007056   0x00000010   Code   RO         1412    .text.statechart_internal_set_cycle_no  statechart.o
    0x08007066   0x08007066   0x00000010   Code   RO         1410    .text.statechart_internal_set_sample_no  statechart.o
    0x08007076   0x08007076   0x00000002   PAD
    0x08007078   0x08007078   0x00000108   Code   RO           17    .text.statechart_processData  main.o
    0x08007180   0x08007180   0x0000001a   Code   RO         1436    .text.statechart_raise_timerIntr  statechart.o
    0x0800719a   0x0800719a   0x00000002   PAD
    0x0800719c   0x0800719c   0x0000008c   Code   RO           19    .text.statechart_transferToPC  main.o
    0x08007228   0x08007228   0x00000030   Code   RO         1786    i.__ARM_common_ll_muluu  c_p.l(btod.o)
    0x08007258   0x08007258   0x0000002c   Code   RO         1811    i.__ARM_fpclassify  m_ps.l(fpclassify.o)
    0x08007284   0x08007284   0x00000016   Code   RO         1537    i._fgeq             fz_ps.l(fcmp.o)
    0x0800729a   0x0800729a   0x0000001a   Code   RO         1539    i._fleq             fz_ps.l(fcmp.o)
    0x080072b4   0x080072b4   0x0000000e   Code   RO         1640    i._is_digit         c_p.l(__printf_wp.o)
    0x080072c2   0x080072c2   0x00000002   PAD
    0x080072c4   0x080072c4   0x0000002c   Code   RO         1791    locale$$code        c_p.l(lc_numeric_c.o)
    0x080072f0   0x080072f0   0x0000002c   Code   RO         1821    locale$$code        c_p.l(lc_ctype_c.o)
    0x0800731c   0x0800731c   0x00000054   Code   RO         1681    x$fpl$fgeqf         fz_ps.l(fgef.o)
    0x08007370   0x08007370   0x00000054   Code   RO         1683    x$fpl$fleqf         fz_ps.l(flef.o)
    0x080073c4   0x080073c4   0x000000b0   Code   RO         1561    x$fpl$fmul          fz_ps.l(fmul.o)
    0x08007474   0x08007474   0x00000010   Code   RO         1687    x$fpl$printf1       fz_ps.l(printf1.o)
    0x08007484   0x08007484   0x00000010   Code   RO         1689    x$fpl$printf2       fz_ps.l(printf2.o)
    0x08007494   0x08007494   0x00000000   Code   RO         1695    x$fpl$usenofp       fz_ps.l(usenofp.o)
    0x08007494   0x08007494   0x00000040   Data   RO         1555    .constdata          fz_ps.l(fdiv.o)
    0x080074d4   0x080074d4   0x00000008   Data   RO         1599    .constdata          c_p.l(_printf_wctomb.o)
    0x080074dc   0x080074dc   0x00000028   Data   RO         1628    .constdata          c_p.l(_printf_hex_int_ll_ptr.o)
    0x08007504   0x08007504   0x00000011   Data   RO         1648    .constdata          c_p.l(__printf_flags_ss_wp.o)
    0x08007515   0x08007515   0x00000026   Data   RO         1748    .constdata          c_p.l(_printf_fp_hex.o)
    0x0800753b   0x0800753b   0x00000001   PAD
    0x0800753c   0x0800753c   0x00000094   Data   RO         1781    .constdata          c_p.l(bigflt0.o)
    0x080075d0   0x080075d0   0x00000010   Data   RO         1314    .rodata.AHBPrescTable  system_stm32l0xx.o
    0x080075e0   0x080075e0   0x00000008   Data   RO         1315    .rodata.APBPrescTable  system_stm32l0xx.o
    0x080075e8   0x080075e8   0x0000076c   Data   RO         1388    .rodata.Font7x10    ssd1306_fonts.o
    0x08007d54   0x08007d54   0x0000000c   Data   RO         1389    .rodata.Font_7x10   ssd1306_fonts.o
    0x08007d60   0x08007d60   0x00000009   Data   RO         1316    .rodata.PLLMulTable  system_stm32l0xx.o
    0x08007d69   0x08007d69   0x00000060   Data   RO           47    .rodata.str1.1      main.o
    0x08007dc9   0x08007dc9   0x00000003   PAD
    0x08007dcc   0x08007dcc   0x00000020   Data   RO         1957    Region$$Table       anon$$obj.o
    0x08007dec   0x08007dec   0x0000001c   Data   RO         1790    locale$$data        c_p.l(lc_numeric_c.o)
    0x08007e08   0x08007e08   0x00000110   Data   RO         1820    locale$$data        c_p.l(lc_ctype_c.o)


    Execution Region RW_IRAM1 (Exec base: 0x20000000, Load base: 0x08007f18, Size: 0x00000c78, Max: 0x00005000, ABSOLUTE)

    Exec Addr    Load Addr    Size         Type   Attr      Idx    E Section Name        Object

    0x20000000   0x08007f18   0x00000004   Data   RW         1313    .data.SystemCoreClock  system_stm32l0xx.o
    0x20000004   0x08007f1c   0x00000001   Data   RW          357    .data.uwTickFreq    stm32l0xx_hal.o
    0x20000005   0x08007f1d   0x00000003   PAD
    0x20000008   0x08007f20   0x00000004   Data   RW          356    .data.uwTickPrio    stm32l0xx_hal.o
    0x2000000c   0x08007f24   0x00000004   PAD
    0x20000010        -       0x00000060   Zero   RW         1766    .bss                c_p.l(libspace.o)
    0x20000070        -       0x00000006   Zero   RW         1377    .bss.SSD1306        ssd1306.o
    0x20000076        -       0x00000400   Zero   RW         1376    .bss.SSD1306_Buffer  ssd1306.o
    0x20000476   0x08007f24   0x00000002   PAD
    0x20000478        -       0x00000004   Zero   RW           46    .bss.avg            main.o
    0x2000047c        -       0x00000054   Zero   RW           41    .bss.hi2c1          main.o
    0x200004d0        -       0x00000058   Zero   RW           51    .bss.hspi2          main.o
    0x20000528        -       0x00000040   Zero   RW           49    .bss.htim6          main.o
    0x20000568        -       0x00000088   Zero   RW           48    .bss.huart2         main.o
    0x200005f0        -       0x00000040   Zero   RW           43    .bss.lux            main.o
    0x20000630        -       0x00000004   Zero   RW           45    .bss.max            main.o
    0x20000634        -       0x00000004   Zero   RW           44    .bss.min            main.o
    0x20000638        -       0x0000003c   Zero   RW           50    .bss.sc_handle      main.o
    0x20000674        -       0x00000004   Zero   RW          358    .bss.uwTick         stm32l0xx_hal.o
    0x20000678        -       0x00000200   Zero   RW            2    HEAP                startup_stm32l073xx.o
    0x20000878        -       0x00000400   Zero   RW            1    STACK               startup_stm32l073xx.o


==============================================================================

Image component sizes


      Code (inc. data)   RO Data    RW Data    ZI Data      Debug   Object Name

      1740        152         96          0        508      13960   main.o
      1200         16          0          0       1030      10586   ssd1306.o
         0          0       1912          0          0       1198   ssd1306_fonts.o
        56         26        192          0       1536        628   startup_stm32l073xx.o
      1676         20          0          0          0      10028   statechart.o
       268         28          0          5          4       6700   stm32l0xx_hal.o
       322         24          0          0          0       6475   stm32l0xx_hal_cortex.o
       246          0          0          0          0       6292   stm32l0xx_hal_dma.o
       832         44          0          0          0       4755   stm32l0xx_hal_gpio.o
      2894         28          0          0          0      38188   stm32l0xx_hal_i2c.o
       310          0          0          0          0       5304   stm32l0xx_hal_i2c_ex.o
       480         52          0          0          0      10304   stm32l0xx_hal_msp.o
      3280        168          0          0          0       8934   stm32l0xx_hal_rcc.o
       876         24          0          0          0       8003   stm32l0xx_hal_rcc_ex.o
      1468          8          0          0          0      19804   stm32l0xx_hal_spi.o
      1002         24          0          0          0      35178   stm32l0xx_hal_tim.o
       204          0          0          0          0       4185   stm32l0xx_hal_tim_ex.o
      4438        244          0          0          0      35322   stm32l0xx_hal_uart.o
         8          0          0          0          0       8274   stm32l0xx_hal_uart_ex.o
        52          8          0          0          0        902   stm32l0xx_it.o
         2          0         33          4          0       1946   system_stm32l0xx.o

    ----------------------------------------------------------------------
     21378        866       2268         12       3084     236966   Object Totals
         0          0         32          0          0          0   (incl. Generated)
        24          0          3          3          6          0   (incl. Padding)

    ----------------------------------------------------------------------

      Code (inc. data)   RO Data    RW Data    ZI Data      Debug   Library Member Name

         8          0          0          0          0         68   __main.o
       392          6         17          0          0         76   __printf_flags_ss_wp.o
        14          0          0          0          0         60   __printf_wp.o
         0          0          0          0          0          0   __rtentry.o
        12          0          0          0          0          0   __rtentry2.o
         6          0          0          0          0          0   __rtentry4.o
        86         10          0          0          0          0   __scatter.o
        26          0          0          0          0          0   __scatter_copy.o
        28          0          0          0          0          0   __scatter_zi.o
        66          0          0          0          0         76   _c16rtomb.o
        10          0          0          0          0          0   _printf_a.o
        10          0          0          0          0          0   _printf_c.o
        46          0          0          0          0        100   _printf_char.o
        48          6          0          0          0         88   _printf_char_common.o
        38          0          0          0          0         60   _printf_charcount.o
        10          0          0          0          0          0   _printf_d.o
       108         18          0          0          0         76   _printf_dec.o
        10          0          0          0          0          0   _printf_e.o
        10          0          0          0          0          0   _printf_f.o
      1044         12          0          0          0        116   _printf_fp_dec.o
       728         10         38          0          0         84   _printf_fp_hex.o
       136         16          0          0          0         76   _printf_fp_infnan.o
        10          0          0          0          0          0   _printf_g.o
       152          4         40          0          0        148   _printf_hex_int_ll_ptr.o
        10          0          0          0          0          0   _printf_i.o
       176          0          0          0          0         84   _printf_intcommon.o
        10          0          0          0          0          0   _printf_l.o
        10          0          0          0          0          0   _printf_lc.o
        10          0          0          0          0          0   _printf_ll.o
        10          0          0          0          0          0   _printf_lld.o
        10          0          0          0          0          0   _printf_lli.o
        10          0          0          0          0          0   _printf_llo.o
        10          0          0          0          0          0   _printf_llu.o
        10          0          0          0          0          0   _printf_llx.o
       112         18          0          0          0         76   _printf_longlong_dec.o
        10          0          0          0          0          0   _printf_ls.o
        10          0          0          0          0          0   _printf_n.o
        10          0          0          0          0          0   _printf_o.o
       112         10          0          0          0        112   _printf_oct_int_ll.o
        10          0          0          0          0          0   _printf_p.o
        78          0          0          0          0        100   _printf_pad.o
         2          0          0          0          0          0   _printf_percent.o
         4          0          0          0          0          0   _printf_percent_end.o
        10          0          0          0          0          0   _printf_s.o
        82          0          0          0          0         72   _printf_str.o
        36          0          0          0          0         76   _printf_truncate.o
        10          0          0          0          0          0   _printf_u.o
        46          0          0          0          0        100   _printf_wchar.o
       188          6          8          0          0         80   _printf_wctomb.o
        10          0          0          0          0          0   _printf_x.o
        10          0          0          0          0         60   _sputc.o
        18          0          0          0          0         68   aeabi_memset.o
       364          4          0          0          0         92   aeabi_sdiv.o
       216          6        148          0          0         80   bigflt0.o
      1456         30          0          0          0        336   btod.o
        16          0          0          0          0         68   exit.o
         6          0          0          0          0        136   heapauxi.o
         0          0          0          0          0          0   indicate_semi.o
        44         10        272          0          0         76   lc_ctype_c.o
        44         10         28          0          0         76   lc_numeric_c.o
         2          0          0          0          0          0   libinit.o
        30          0          0          0          0          0   libinit2.o
         2          0          0          0          0          0   libshutdown.o
         2          0          0          0          0          0   libshutdown2.o
         8          4          0          0         96         68   libspace.o
       272          0          0          0          0         88   lludiv.o
       122          0          0          0          0         72   lludiv10.o
        16          4          0          0          0         76   rt_ctype_table.o
         8          4          0          0          0         68   rt_locale_intlibspace.o
        64          0          0          0          0        108   rt_memclr.o
         2          0          0          0          0          0   rtexit.o
        10          0          0          0          0          0   rtexit2.o
        40          0          0          0          0         60   rtudiv10.o
        44          4          0          0          0         84   sprintf.o
       136          4          0          0          0         72   strcmp.o
        12          4          0          0          0         60   sys_exit.o
        62          0          0          0          0         80   sys_stackheap_outer.o
         2          0          0          0          0         68   use_no_semi.o
        46          0          0          0          0         60   cmpret.o
        48          0          0          0          0        136   fcmp.o
       100          4          0          0          0         68   fcmpin.o
       352         10         64          0          0         92   fdiv.o
        76          0          0          0          0         68   ffixi.o
        94          0          0          0          0         92   fflti.o
        84          4          0          0          0         76   fgef.o
        84          4          0          0          0         76   flef.o
       176          4          0          0          0         80   fmul.o
        16          6          0          0          0         68   fnan2.o
        16          4          0          0          0         76   printf1.o
        16          4          0          0          0         76   printf2.o
        94          0          0          0          0         68   retnan.o
         0          0          0          0          0          0   usenofp.o
        44          4          0          0          0         60   fpclassify.o

    ----------------------------------------------------------------------
      8274        244        616          0         96       4720   Library Totals
        26          0          1          0          0          0   (incl. Padding)

    ----------------------------------------------------------------------

      Code (inc. data)   RO Data    RW Data    ZI Data      Debug   Library Name

      7002        200        551          0         96       3624   c_p.l
      1202         40         64          0          0       1036   fz_ps.l
        44          4          0          0          0         60   m_ps.l

    ----------------------------------------------------------------------
      8274        244        616          0         96       4720   Library Totals

    ----------------------------------------------------------------------

==============================================================================


      Code (inc. data)   RO Data    RW Data    ZI Data      Debug   

     29652       1110       2884         12       3180     239022   Grand Totals
     29652       1110       2884         12       3180     239022   ELF Image Totals
     29652       1110       2884         12          0          0   ROM Totals

==============================================================================

    Total RO  Size (Code + RO Data)                32536 (  31.77kB)
    Total RW  Size (RW Data + ZI Data)              3192 (   3.12kB)
    Total ROM Size (Code + RO Data + RW Data)      32548 (  31.79kB)

==============================================================================

